Component: ARM Compiler 5.06 update 4 (build 422) Tool: armlink [4d35d2]

==============================================================================

Section Cross References

    startup_stm32f407xx.o(RESET) refers to startup_stm32f407xx.o(STACK) for __initial_sp
    startup_stm32f407xx.o(RESET) refers to startup_stm32f407xx.o(.text) for Reset_Handler
    startup_stm32f407xx.o(RESET) refers to stm32f4xx_it.o(i.NMI_Handler) for NMI_Handler
    startup_stm32f407xx.o(RESET) refers to stm32f4xx_it.o(i.HardFault_Handler) for HardFault_Handler
    startup_stm32f407xx.o(RESET) refers to stm32f4xx_it.o(i.MemManage_Handler) for MemManage_Handler
    startup_stm32f407xx.o(RESET) refers to stm32f4xx_it.o(i.BusFault_Handler) for BusFault_Handler
    startup_stm32f407xx.o(RESET) refers to stm32f4xx_it.o(i.UsageFault_Handler) for UsageFault_Handler
    startup_stm32f407xx.o(RESET) refers to port.o(.emb_text) for SVC_Handler
    startup_stm32f407xx.o(RESET) refers to stm32f4xx_it.o(i.DebugMon_Handler) for DebugMon_Handler
    startup_stm32f407xx.o(RESET) refers to port.o(i.SysTick_Handler) for SysTick_Handler
    startup_stm32f407xx.o(RESET) refers to stm32f4xx_it.o(i.USART1_IRQHandler) for USART1_IRQHandler
    startup_stm32f407xx.o(RESET) refers to stm32f4xx_it.o(i.USART2_IRQHandler) for USART2_IRQHandler
    startup_stm32f407xx.o(RESET) refers to stm32f4xx_it.o(i.USART3_IRQHandler) for USART3_IRQHandler
    startup_stm32f407xx.o(RESET) refers to stm32f4xx_it.o(i.TIM6_DAC_IRQHandler) for TIM6_DAC_IRQHandler
    startup_stm32f407xx.o(.text) refers to system_stm32f4xx_1.o(i.SystemInit) for SystemInit
    startup_stm32f407xx.o(.text) refers to entry.o(.ARM.Collect$$$$00000000) for __main
    bm280.o(i.BMP280_CalibParam) refers to memseta.o(.text) for __aeabi_memclr4
    bm280.o(i.BMP280_CalibParam) refers to bm280.o(i.BMP280_Read_Len) for BMP280_Read_Len
    bm280.o(i.BMP280_CalibParam) refers to bm280.o(.bss) for .bss
    bm280.o(i.BMP280_Check) refers to bm280.o(i.BMP280_Read_Byte) for BMP280_Read_Byte
    bm280.o(i.BMP280_Check) refers to dwt_stm32_delay.o(i.delay_ms) for delay_ms
    bm280.o(i.BMP280_Check) refers to bm280.o(.bss) for .bss
    bm280.o(i.BMP280_CompensatePressureInt32) refers to bm280.o(.bss) for .bss
    bm280.o(i.BMP280_CompensateTemperatureInt32) refers to bm280.o(.bss) for .bss
    bm280.o(i.BMP280_GetStandbyDurn) refers to bm280.o(i.BMP280_Read_Byte) for BMP280_Read_Byte
    bm280.o(i.BMP280_Init) refers to llgpioiic.o(i.IIC_Init) for IIC_Init
    bm280.o(i.BMP280_Init) refers to bm280.o(i.BMP280_Check) for BMP280_Check
    bm280.o(i.BMP280_Init) refers to bm280.o(i.BMP280_CalibParam) for BMP280_CalibParam
    bm280.o(i.BMP280_Init) refers to bm280.o(i.BMP280_SetPowerMode) for BMP280_SetPowerMode
    bm280.o(i.BMP280_Init) refers to bm280.o(i.BMP280_SetWorkMode) for BMP280_SetWorkMode
    bm280.o(i.BMP280_Init) refers to bm280.o(i.BMP280_SetStandbyDurn) for BMP280_SetStandbyDurn
    bm280.o(i.BMP280_ReadPressureTemperature) refers to bm280.o(i.BMP280_ReadUncompPressureTemperature) for BMP280_ReadUncompPressureTemperature
    bm280.o(i.BMP280_ReadPressureTemperature) refers to bm280.o(i.BMP280_CompensateTemperatureInt32) for BMP280_CompensateTemperatureInt32
    bm280.o(i.BMP280_ReadPressureTemperature) refers to bm280.o(i.BMP280_CompensatePressureInt32) for BMP280_CompensatePressureInt32
    bm280.o(i.BMP280_ReadUncompPressureTemperature) refers to bm280.o(i.BMP280_Read_Len) for BMP280_Read_Len
    bm280.o(i.BMP280_ReadUncompPressuree) refers to bm280.o(i.BMP280_Read_Len) for BMP280_Read_Len
    bm280.o(i.BMP280_ReadUncompTemperature) refers to bm280.o(i.BMP280_Read_Len) for BMP280_Read_Len
    bm280.o(i.BMP280_Read_Byte) refers to llgpioiic.o(i.IIC_Start) for IIC_Start
    bm280.o(i.BMP280_Read_Byte) refers to llgpioiic.o(i.IIC_Send_Byte) for IIC_Send_Byte
    bm280.o(i.BMP280_Read_Byte) refers to llgpioiic.o(i.IIC_Wait_Ack) for IIC_Wait_Ack
    bm280.o(i.BMP280_Read_Byte) refers to llgpioiic.o(i.IIC_Read_Byte) for IIC_Read_Byte
    bm280.o(i.BMP280_Read_Byte) refers to llgpioiic.o(i.IIC_Stop) for IIC_Stop
    bm280.o(i.BMP280_Read_Len) refers to llgpioiic.o(i.IIC_Start) for IIC_Start
    bm280.o(i.BMP280_Read_Len) refers to llgpioiic.o(i.IIC_Send_Byte) for IIC_Send_Byte
    bm280.o(i.BMP280_Read_Len) refers to llgpioiic.o(i.IIC_Wait_Ack) for IIC_Wait_Ack
    bm280.o(i.BMP280_Read_Len) refers to llgpioiic.o(i.IIC_Stop) for IIC_Stop
    bm280.o(i.BMP280_Read_Len) refers to llgpioiic.o(i.IIC_Read_Byte) for IIC_Read_Byte
    bm280.o(i.BMP280_SetPowerMode) refers to bm280.o(i.BMP280_Write_Byte) for BMP280_Write_Byte
    bm280.o(i.BMP280_SetPowerMode) refers to bm280.o(.bss) for .bss
    bm280.o(i.BMP280_SetSoftReset) refers to bm280.o(i.BMP280_Write_Byte) for BMP280_Write_Byte
    bm280.o(i.BMP280_SetStandbyDurn) refers to bm280.o(i.BMP280_Read_Byte) for BMP280_Read_Byte
    bm280.o(i.BMP280_SetStandbyDurn) refers to bm280.o(i.BMP280_Write_Byte) for BMP280_Write_Byte
[...]
    flash_legal_sector_address               0x0800b745   Thumb Code    32  transplant.o(i.flash_legal_sector_address)
    flash_sector_address                     0x0800b765   Thumb Code    62  transplant.o(i.flash_sector_address)
    flash_sector_index                       0x0800b7bd   Thumb Code    34  transplant.o(i.flash_sector_index)
    flash_write                              0x0800b7e1   Thumb Code   178  insideflash.o(i.flash_write)
    fputc                                    0x0800b909   Thumb Code    20  main.o(i.fputc)
    getDHTRaw                                0x0800b921   Thumb Code    26  dht11.o(i.getDHTRaw)
    get_backup_flag                          0x0800b93d   Thumb Code    46  key_value.o(i.get_backup_flag)
    get_cyccnt                               0x0800b971   Thumb Code     6  dwt_stm32_delay.o(i.get_cyccnt)
    get_gapcyccnt                            0x0800b97d   Thumb Code    20  modbus.o(i.get_gapcyccnt)
    get_key_value                            0x0800b995   Thumb Code    72  key_value.o(i.get_key_value)
    getiogroup                               0x0800bd35   Thumb Code   352  motor.o(i.getiogroup)
    getiopin                                 0x0800bead   Thumb Code   414  motor.o(i.getiopin)
    getiostate                               0x0800c04b   Thumb Code    34  motor.o(i.getiostate)
    gettargetdata                            0x0800c06d   Thumb Code   262  main.o(i.gettargetdata)
    gettargetiostate                         0x0800c181   Thumb Code   170  main.o(i.gettargetiostate)
    getwritebackiostate                      0x0800c239   Thumb Code   170  main.o(i.getwritebackiostate)
    i2cReadBuffer                            0x0800c2f1   Thumb Code   112  llgpioiic.o(i.i2cReadBuffer)
    i2cReadBuffer2                           0x0800c361   Thumb Code    70  llgpioiic.o(i.i2cReadBuffer2)
    i2cWriteBuffer                           0x0800c3a7   Thumb Code    80  llgpioiic.o(i.i2cWriteBuffer)
    i2cWriteBuffer2                          0x0800c3f7   Thumb Code    64  llgpioiic.o(i.i2cWriteBuffer2)
    i2cread                                  0x0800c437   Thumb Code    16  llgpioiic.o(i.i2cread)
    i2cread2                                 0x0800c447   Thumb Code    16  llgpioiic.o(i.i2cread2)
    i2cwrite                                 0x0800c457   Thumb Code    16  llgpioiic.o(i.i2cwrite)
    i2cwrite2                                0x0800c467   Thumb Code    16  llgpioiic.o(i.i2cwrite2)
    iicDevRead2                              0x0800c477   Thumb Code    96  llgpioiic.o(i.iicDevRead2)
    iicDevReadByte                           0x0800c4d7   Thumb Code    62  llgpioiic.o(i.iicDevReadByte)
    iicDevWriteByte                          0x0800c515   Thumb Code    50  llgpioiic.o(i.iicDevWriteByte)
    init_key_value2                          0x0800c549   Thumb Code   214  key_value.o(i.init_key_value2)
    main                                     0x0800c6dd   Thumb Code  1032  main.o(i.main)
    mget_ms                                  0x0800cb71   Thumb Code     2  dwt_stm32_delay.o(i.mget_ms)
    mod_recv                                 0x0800cb73   Thumb Code   156  modbus.o(i.mod_recv)
    mod_send                                 0x0800cc11   Thumb Code    66  modbus.o(i.mod_send)
    mod_send_baro                            0x0800cc59   Thumb Code    26  modbus.o(i.mod_send_baro)
    mod_send_coilstate                       0x0800cc79   Thumb Code    24  modbus.o(i.mod_send_coilstate)
    mod_send_elevation                       0x0800cc95   Thumb Code    26  modbus.o(i.mod_send_elevation)
    mod_send_getotherreg                     0x0800ccb5   Thumb Code    22  modbus.o(i.mod_send_getotherreg)
    mod_send_humidity                        0x0800cccd   Thumb Code    26  modbus.o(i.mod_send_humidity)
    mod_send_othercoilstate                  0x0800cced   Thumb Code    22  modbus.o(i.mod_send_othercoilstate)
    mod_send_pitch                           0x0800cd05   Thumb Code    28  modbus.o(i.mod_send_pitch)
    mod_send_pwm1                            0x0800cd25   Thumb Code    26  modbus.o(i.mod_send_pwm1)
    mod_send_pwm2                            0x0800cd45   Thumb Code    26  modbus.o(i.mod_send_pwm2)
    mod_send_pwm3                            0x0800cd65   Thumb Code    26  modbus.o(i.mod_send_pwm3)
    mod_send_pwm4                            0x0800cd85   Thumb Code    24  modbus.o(i.mod_send_pwm4)
    mod_send_readothercoil                   0x0800cda1   Thumb Code    24  modbus.o(i.mod_send_readothercoil)
    mod_send_readotherreg                    0x0800cdbd   Thumb Code    24  modbus.o(i.mod_send_readotherreg)
    mod_send_roll                            0x0800cdd9   Thumb Code    28  modbus.o(i.mod_send_roll)
    mod_send_temperature                     0x0800cdf9   Thumb Code    24  modbus.o(i.mod_send_temperature)
    mod_send_writeothercoil                  0x0800ce15   Thumb Code    22  modbus.o(i.mod_send_writeothercoil)
    mod_send_yaw                             0x0800ce2d   Thumb Code    28  modbus.o(i.mod_send_yaw)
    motor42_forward                          0x0800ce4d   Thumb Code   324  motor.o(i.motor42_forward)
    motor42_fround                           0x0800cf95   Thumb Code     8  motor.o(i.motor42_fround)
    motor42_reverse                          0x0800cf9d   Thumb Code   324  motor.o(i.motor42_reverse)
    motor42_rround                           0x0800d0e5   Thumb Code     8  motor.o(i.motor42_rround)
    motor_initpin                            0x0800d0ed   Thumb Code    74  motor.o(i.motor_initpin)
    move_key_value                           0x0800d13d   Thumb Code   216  key_value.o(i.move_key_value)
    move_key_value_back                      0x0800d21d   Thumb Code    84  key_value.o(i.move_key_value_back)
    mpu_configure_fifo                       0x0800d275   Thumb Code    78  inv_mpu.o(i.mpu_configure_fifo)
    mpu_get_accel_fsr                        0x0800d2c9   Thumb Code    54  inv_mpu.o(i.mpu_get_accel_fsr)
    mpu_get_accel_sens                       0x0800d305   Thumb Code    62  inv_mpu.o(i.mpu_get_accel_sens)
    mpu_get_gyro_fsr                         0x0800d349   Thumb Code    48  inv_mpu.o(i.mpu_get_gyro_fsr)
    mpu_get_gyro_sens                        0x0800d37d   Thumb Code    54  inv_mpu.o(i.mpu_get_gyro_sens)
    mpu_get_lpf                              0x0800d3c9   Thumb Code    52  inv_mpu.o(i.mpu_get_lpf)
    mpu_get_sample_rate                      0x0800d401   Thumb Code    22  inv_mpu.o(i.mpu_get_sample_rate)
    mpu_init                                 0x0800d41d   Thumb Code   248  inv_mpu.o(i.mpu_init)
    mpu_load_firmware                        0x0800d519   Thumb Code   210  inv_mpu.o(i.mpu_load_firmware)
    mpu_lp_accel_mode                        0x0800d5f1   Thumb Code   180  inv_mpu.o(i.mpu_lp_accel_mode)
    mpu_read_fifo_stream                     0x0800d6a9   Thumb Code   140  inv_mpu.o(i.mpu_read_fifo_stream)
    mpu_read_mem                             0x0800d739   Thumb Code    80  inv_mpu.o(i.mpu_read_mem)
    mpu_reset_fifo                           0x0800d78d   Thumb Code   346  inv_mpu.o(i.mpu_reset_fifo)
    mpu_run_self_test                        0x0800d8ed   Thumb Code   152  inv_mpu.o(i.mpu_run_self_test)
    mpu_set_accel_fsr                        0x0800d989   Thumb Code    98  inv_mpu.o(i.mpu_set_accel_fsr)
    mpu_set_bypass                           0x0800d9f1   Thumb Code   214  inv_mpu.o(i.mpu_set_bypass)
    mpu_set_compass_sample_rate              0x0800dacd   Thumb Code    72  inv_mpu.o(i.mpu_set_compass_sample_rate)
    mpu_set_dmp_state                        0x0800db19   Thumb Code   114  inv_mpu.o(i.mpu_set_dmp_state)
    mpu_set_gyro_fsr                         0x0800db91   Thumb Code   104  inv_mpu.o(i.mpu_set_gyro_fsr)
    mpu_set_int_latched                      0x0800dbfd   Thumb Code    94  inv_mpu.o(i.mpu_set_int_latched)
    mpu_set_lpf                              0x0800dc61   Thumb Code   102  inv_mpu.o(i.mpu_set_lpf)
    mpu_set_sample_rate                      0x0800dccd   Thumb Code   138  inv_mpu.o(i.mpu_set_sample_rate)
    mpu_set_sensors                          0x0800dd5d   Thumb Code   304  inv_mpu.o(i.mpu_set_sensors)
    mpu_write_mem                            0x0800de91   Thumb Code    80  inv_mpu.o(i.mpu_write_mem)
    osDelay                                  0x0800dee5   Thumb Code    14  cmsis_os.o(i.osDelay)
    osKernelStart                            0x0800def3   Thumb Code    10  cmsis_os.o(i.osKernelStart)
    osThreadCreate                           0x0800defd   Thumb Code    84  cmsis_os.o(i.osThreadCreate)
    pvPortMalloc                             0x0800e3b5   Thumb Code   210  heap_4.o(i.pvPortMalloc)
    pvTaskIncrementMutexHeldCount            0x0800e48d   Thumb Code    18  tasks.o(i.pvTaskIncrementMutexHeldCount)
    pxPortInitialiseStack                    0x0800e4a5   Thumb Code    40  port.o(i.pxPortInitialiseStack)
    readothertargetcoil2u2                   0x0800e4d1   Thumb Code    74  main.o(i.readothertargetcoil2u2)
    readothertargetdata2u2                   0x0800e525   Thumb Code    74  main.o(i.readothertargetdata2u2)
    reboot_times_history_info                0x0800e579   Thumb Code    72  main.o(i.reboot_times_history_info)
    refreshbmp280                            0x0800e5f5   Thumb Code    92  main.o(i.refreshbmp280)
    refreshdht11                             0x0800e655   Thumb Code    26  main.o(i.refreshdht11)
    refreshmpu9250                           0x0800e675   Thumb Code   446  main.o(i.refreshmpu9250)
    sendotherdata2u3                         0x0800e92d   Thumb Code    72  main.o(i.sendotherdata2u3)
    sendotheriostate2u3                      0x0800e97d   Thumb Code    72  main.o(i.sendotheriostate2u3)
    sendselfdata2u2                          0x0800e9cd   Thumb Code    82  main.o(i.sendselfdata2u2)
    sendselfdata2u3                          0x0800ea2d   Thumb Code    82  main.o(i.sendselfdata2u3)
    sendselfiostate2u2                       0x0800ea8d   Thumb Code    76  main.o(i.sendselfiostate2u2)
    sendselfiostate2u3                       0x0800eae1   Thumb Code    76  main.o(i.sendselfiostate2u3)
    setTolerance1                            0x0800eb35   Thumb Code    22  main.o(i.setTolerance1)
    setTolerance2                            0x0800eb51   Thumb Code    18  main.o(i.setTolerance2)
    setTolerance3                            0x0800eb69   Thumb Code    18  main.o(i.setTolerance3)
    setTolerance4                            0x0800eb81   Thumb Code    18  main.o(i.setTolerance4)
    set_key_value                            0x0800ebf1   Thumb Code   676  key_value.o(i.set_key_value)
    setiohigh                                0x0800efb1   Thumb Code    30  motor.o(i.setiohigh)
    setioin                                  0x0800efd1   Thumb Code   160  motor.o(i.setioin)
    setiolow                                 0x0800f089   Thumb Code    30  motor.o(i.setiolow)
    setioout                                 0x0800f0a9   Thumb Code   162  motor.o(i.setioout)
    sqrt                                     0x0800f33d   Thumb Code   110  sqrt.o(i.sqrt)
    uxListRemove                             0x0800f3ab   Thumb Code    38  list.o(i.uxListRemove)
    vApplicationGetIdleTaskMemory            0x0800f3d1   Thumb Code    16  freertos.o(i.vApplicationGetIdleTaskMemory)
    vListInitialise                          0x0800f3e5   Thumb Code    22  list.o(i.vListInitialise)
    vListInitialiseItem                      0x0800f3fb   Thumb Code     6  list.o(i.vListInitialiseItem)
    vListInsert                              0x0800f401   Thumb Code    48  list.o(i.vListInsert)
    vListInsertEnd                           0x0800f431   Thumb Code    24  list.o(i.vListInsertEnd)
    vPortEnterCritical                       0x0800f449   Thumb Code    54  port.o(i.vPortEnterCritical)
    vPortExitCritical                        0x0800f489   Thumb Code    34  port.o(i.vPortExitCritical)
    vPortFree                                0x0800f4b1   Thumb Code    88  heap_4.o(i.vPortFree)
    vPortSetupTimerInterrupt                 0x0800f50d   Thumb Code    32  port.o(i.vPortSetupTimerInterrupt)
    vTaskDelay                               0x0800f531   Thumb Code    66  tasks.o(i.vTaskDelay)
    vTaskInternalSetTimeOutState             0x0800f57d   Thumb Code    12  tasks.o(i.vTaskInternalSetTimeOutState)
    vTaskMissedYield                         0x0800f58d   Thumb Code     8  tasks.o(i.vTaskMissedYield)
    vTaskPlaceOnEventList                    0x0800f599   Thumb Code    44  tasks.o(i.vTaskPlaceOnEventList)
    vTaskPriorityDisinheritAfterTimeout      0x0800f5c9   Thumb Code   160  tasks.o(i.vTaskPriorityDisinheritAfterTimeout)
    vTaskStartScheduler                      0x0800f671   Thumb Code    90  tasks.o(i.vTaskStartScheduler)
    vTaskSuspendAll                          0x0800f6dd   Thumb Code    10  tasks.o(i.vTaskSuspendAll)
    vTaskSwitchContext                       0x0800f6ed   Thumb Code    82  tasks.o(i.vTaskSwitchContext)
    writeothertargetcoil2u2                  0x0800f749   Thumb Code    80  main.o(i.writeothertargetcoil2u2)
    xPortStartScheduler                      0x0800f7a1   Thumb Code   222  port.o(i.xPortStartScheduler)
    xQueueCreateMutex                        0x0800f895   Thumb Code    22  queue.o(i.xQueueCreateMutex)
    xQueueGenericCreate                      0x0800f8ab   Thumb Code    72  queue.o(i.xQueueGenericCreate)
    xQueueGenericReset                       0x0800f8f5   Thumb Code   132  queue.o(i.xQueueGenericReset)
    xQueueGenericSend                        0x0800f97d   Thumb Code   346  queue.o(i.xQueueGenericSend)
    xQueueSemaphoreTake                      0x0800fadd   Thumb Code   372  queue.o(i.xQueueSemaphoreTake)
    xTaskCheckForTimeOut                     0x0800fc55   Thumb Code   112  tasks.o(i.xTaskCheckForTimeOut)
    xTaskCreate                              0x0800fcc9   Thumb Code    90  tasks.o(i.xTaskCreate)
    xTaskCreateStatic                        0x0800fd23   Thumb Code    86  tasks.o(i.xTaskCreateStatic)
    xTaskGetSchedulerState                   0x0800fd79   Thumb Code    22  tasks.o(i.xTaskGetSchedulerState)
    xTaskIncrementTick                       0x0800fd95   Thumb Code   192  tasks.o(i.xTaskIncrementTick)
    xTaskPriorityDisinherit                  0x0800fe5d   Thumb Code   144  tasks.o(i.xTaskPriorityDisinherit)
    xTaskPriorityInherit                     0x0800fef5   Thumb Code   138  tasks.o(i.xTaskPriorityInherit)
    xTaskRemoveFromEventList                 0x0800ff89   Thumb Code   108  tasks.o(i.xTaskRemoveFromEventList)
    xTaskResumeAll                           0x0800fffd   Thumb Code   182  tasks.o(i.xTaskResumeAll)
    reg                                      0x080100c0   Data          42  inv_mpu.o(.constdata)
    hw                                       0x080100ea   Data          14  inv_mpu.o(.constdata)
    test                                     0x080100f8   Data          40  inv_mpu.o(.constdata)
    AHBPrescTable                            0x08010e84   Data          16  system_stm32f4xx_1.o(.constdata)
    APBPrescTable                            0x08010e94   Data           8  system_stm32f4xx_1.o(.constdata)
    __mathlib_zero                           0x08011010   Data           8  qnan.o(.constdata)
    __ctype_table                            0x08011018   Data         129  ctype_o.o(.constdata)
    Region$$Table$$Base                      0x08011170   Number         0  anon$$obj.o(Region$$Table)
    Region$$Table$$Limit                     0x08011190   Number         0  anon$$obj.o(Region$$Table)
    rewrite_times                            0x2000004c   Data           1  key_value.o(.data)
    KEY_VALUE_INT32                          0x20000050   Data           4  key_value.o(.data)
    KEY_VALUE_BACKUP                         0x20000054   Data           4  key_value.o(.data)
    KEY_VALUE_STRINGS                        0x20000058   Data           4  key_value.o(.data)
    __stdout                                 0x2000005c   Data           4  transplant.o(.data)
    mpuinitresult                            0x20000060   Data           1  main.o(.data)
    hst                                      0x20000061   Data           1  main.o(.data)
    more                                     0x20000062   Data           1  main.o(.data)
    readingflag                              0x20000063   Data           1  main.o(.data)
    discoverflag                             0x20000064   Data           1  main.o(.data)
    sensors                                  0x20000066   Data           2  main.o(.data)
    pbmp                                     0x20000068   Data           2  main.o(.data)
    tbmp                                     0x2000006a   Data           2  main.o(.data)
    hbmp                                     0x2000006c   Data           2  main.o(.data)
    defaulttaskover                          0x20000070   Data           4  main.o(.data)
    tftaskstarted                            0x20000074   Data           4  main.o(.data)
    camerataskstarted                        0x20000078   Data           4  main.o(.data)
    memstaskstarted                          0x2000007c   Data           4  main.o(.data)
    bmptaskstarted                           0x20000080   Data           4  main.o(.data)
    keyvaluetaskstarted                      0x20000084   Data           4  main.o(.data)
    dhttaskstarted                           0x20000088   Data           4  main.o(.data)
    consoletaskstarted                       0x2000008c   Data           4  main.o(.data)
    flowmetertaskstarted                     0x20000090   Data           4  main.o(.data)
    intelmodtaskstarted                      0x20000094   Data           4  main.o(.data)
    uart2taskstarted                         0x20000098   Data           4  main.o(.data)
    discovertaskstarted                      0x2000009c   Data           4  main.o(.data)
    vl53taskstarted                          0x200000a0   Data           4  main.o(.data)
    skipflag                                 0x200000a4   Data           4  main.o(.data)
    flowmeterntf                             0x200000a8   Data           4  main.o(.data)
    bmpdhtntf                                0x200000ac   Data           4  main.o(.data)
    baro                                     0x200000b0   Data           4  main.o(.data)
    elevation                                0x200000b4   Data           4  main.o(.data)
    temperature                              0x200000b8   Data           4  main.o(.data)
    humidity                                 0x200000bc   Data           4  main.o(.data)
    distance                                 0x200000c0   Data           4  main.o(.data)
    q0                                       0x200000c4   Data           4  main.o(.data)
    q1                                       0x200000c8   Data           4  main.o(.data)
    q2                                       0x200000cc   Data           4  main.o(.data)
    q3                                       0x200000d0   Data           4  main.o(.data)
    defaultTaskHandle                        0x200000d4   Data           4  main.o(.data)
    UITask1Handle                            0x200000d8   Data           4  main.o(.data)
    UITask2Handle                            0x200000dc   Data           4  main.o(.data)
    UITask3Handle                            0x200000e0   Data           4  main.o(.data)
    UITask4Handle                            0x200000e4   Data           4  main.o(.data)
    UITask5Handle                            0x200000e8   Data           4  main.o(.data)
    UITask6Handle                            0x200000ec   Data           4  main.o(.data)
    UITask7Handle                            0x200000f0   Data           4  main.o(.data)
    UITask8Handle                            0x200000f4   Data           4  main.o(.data)
    UITask9Handle                            0x200000f8   Data           4  main.o(.data)
    UITask10Handle                           0x200000fc   Data           4  main.o(.data)
    UITask11Handle                           0x20000100   Data           4  main.o(.data)
    UITask12Handle                           0x20000104   Data           4  main.o(.data)
    pcpuidstr                                0x20000108   Data           4  main.o(.data)
    commkey                                  0x2000010c   Data           4  main.o(.data)
    kvcommkey                                0x20000110   Data           4  main.o(.data)
    commkey2                                 0x20000114   Data           4  main.o(.data)
    uart2sph                                 0x20000118   Data           4  main.o(.data)
    uart3sph                                 0x2000011c   Data           4  main.o(.data)
    modbusdatasph                            0x20000120   Data           4  main.o(.data)
    Pitch                                    0x20000124   Data           4  main.o(.data)
    Roll                                     0x20000128   Data           4  main.o(.data)
    Yaw                                      0x2000012c   Data           4  main.o(.data)
    sensor_timestamp                         0x20000130   Data           4  main.o(.data)
    bmp280_temp                              0x20000134   Data           4  main.o(.data)
    bmp280_press                             0x20000138   Data           4  main.o(.data)
    height                                   0x2000013c   Data           4  main.o(.data)
    refreshvl53l1xflag                       0x20000140   Data           4  main.o(.data)
    flowread1                                0x20000144   Data           4  main.o(.data)
    flowreadlast1                            0x20000148   Data           4  main.o(.data)
    flowbase1                                0x2000014c   Data           4  main.o(.data)
    flowcount1                               0x20000150   Data           4  main.o(.data)
    markrestart1                             0x20000154   Data           4  main.o(.data)
    tolerance1                               0x20000158   Data           4  main.o(.data)
    thistimestartflowcount1                  0x2000015c   Data           4  main.o(.data)
    thistimecount1                           0x20000160   Data           4  main.o(.data)
    valvecontrol1                            0x20000164   Data           4  main.o(.data)
    flowread2                                0x20000168   Data           4  main.o(.data)
    flowreadlast2                            0x2000016c   Data           4  main.o(.data)
    flowbase2                                0x20000170   Data           4  main.o(.data)
    flowcount2                               0x20000174   Data           4  main.o(.data)
    markrestart2                             0x20000178   Data           4  main.o(.data)
    tolerance2                               0x2000017c   Data           4  main.o(.data)
    thistimestartflowcount2                  0x20000180   Data           4  main.o(.data)
    thistimecount2                           0x20000184   Data           4  main.o(.data)
    valvecontrol2                            0x20000188   Data           4  main.o(.data)
    flowread3                                0x2000018c   Data           4  main.o(.data)
    flowreadlast3                            0x20000190   Data           4  main.o(.data)
    flowbase3                                0x20000194   Data           4  main.o(.data)
    flowcount3                               0x20000198   Data           4  main.o(.data)
    markrestart3                             0x2000019c   Data           4  main.o(.data)
    tolerance3                               0x200001a0   Data           4  main.o(.data)
    thistimestartflowcount3                  0x200001a4   Data           4  main.o(.data)
    thistimecount3                           0x200001a8   Data           4  main.o(.data)
    valvecontrol3                            0x200001ac   Data           4  main.o(.data)
    flowread4                                0x200001b0   Data           4  main.o(.data)
    flowreadlast4                            0x200001b4   Data           4  main.o(.data)
    flowbase4                                0x200001b8   Data           4  main.o(.data)
    flowcount4                               0x200001bc   Data           4  main.o(.data)
    markrestart4                             0x200001c0   Data           4  main.o(.data)
    tolerance4                               0x200001c4   Data           4  main.o(.data)
    thistimestartflowcount4                  0x200001c8   Data           4  main.o(.data)
    thistimecount4                           0x200001cc   Data           4  main.o(.data)
    valvecontrol4                            0x200001d0   Data           4  main.o(.data)
    ptempdata                                0x200001d4   Data           4  main.o(.data)
    ptempstr                                 0x200001d8   Data           4  main.o(.data)
    displayflag                              0x200001dc   Data           4  main.o(.data)
    ptemp                                    0x200001e0   Data           4  main.o(.data)
    ptsub                                    0x200001e4   Data           4  main.o(.data)
    pmbdata                                  0x200001e8   Data           4  main.o(.data)
    mbtick                                   0x200001ec   Data           4  main.o(.data)
    uart3errtick                             0x200001f0   Data           4  main.o(.data)
    mblaststamp                              0x200001f4   Data           4  main.o(.data)
    ppmbdata                                 0x200001f8   Data           4  main.o(.data)
    mblastdealstamp                          0x200001fc   Data           4  main.o(.data)
    mbaddr                                   0x20000200   Data           4  main.o(.data)
    pmodbusdata                              0x20000204   Data           4  main.o(.data)
    modbustick                               0x20000208   Data           4  main.o(.data)
    uart2errtick                             0x2000020c   Data           4  main.o(.data)
    modbuslaststamp                          0x20000210   Data           4  main.o(.data)
    ppmdata                                  0x20000214   Data           4  main.o(.data)
    lastdealstamp                            0x20000218   Data           4  main.o(.data)
    modbusaddr                               0x2000021c   Data           4  main.o(.data)
    tempaddr                                 0x20000220   Data           4  main.o(.data)
    gyro                                     0x20000224   Data           6  main.o(.data)
    accel                                    0x2000022a   Data           6  main.o(.data)
    uwTickFreq                               0x2000023c   Data           1  stm32f4xx_hal.o(.data)
    uwTickPrio                               0x20000240   Data           4  stm32f4xx_hal.o(.data)
    uwTick                                   0x20000244   Data           4  stm32f4xx_hal.o(.data)
    SystemCoreClock                          0x20000248   Data           4  system_stm32f4xx_1.o(.data)
    pxCurrentTCB                             0x2000024c   Data           4  tasks.o(.data)
    bmp280Cal                                0x200002d8   Data          28  bmp280.o(.bss)
    modbuff                                  0x20000304   Data         256  modbus.o(.bss)
    _I2CBuffer                               0x20000404   Data         256  vl53l1_platform.o(.bss)
    hi2c2                                    0x20000504   Data          84  main.o(.bss)
    htim1                                    0x20000558   Data          64  main.o(.bss)
    htim2                                    0x20000598   Data          64  main.o(.bss)
    htim3                                    0x200005d8   Data          64  main.o(.bss)
    htim4                                    0x20000618   Data          64  main.o(.bss)
    huart1                                   0x20000658   Data          64  main.o(.bss)
    huart2                                   0x20000698   Data          64  main.o(.bss)
    huart3                                   0x200006d8   Data          64  main.o(.bss)
    cpuid                                    0x20000718   Data          12  main.o(.bss)
    cpuidstr                                 0x20000724   Data          64  main.o(.bss)
    quat                                     0x20000764   Data          16  main.o(.bss)
    dev53                                    0x20000774   Data         932  main.o(.bss)
    tempdata                                 0x20000b18   Data         128  main.o(.bss)
    tempstr                                  0x20000b98   Data        1024  main.o(.bss)
    argstack                                 0x20000f98   Data         256  main.o(.bss)
    mbdata                                   0x20001098   Data         256  main.o(.bss)
    mdataf                                   0x20001198   Data         256  main.o(.bss)
    modbusdata                               0x20001298   Data         256  main.o(.bss)
    pmdata                                   0x20001398   Data         256  main.o(.bss)
    otherboarddata                           0x20001498   Data       16320  main.o(.bss)
    motorpin                                 0x20005458   Data         256  main.o(.bss)
    htim6                                    0x200057ac   Data          64  stm32f4xx_hal_timebase_tim.o(.bss)
    pFlash                                   0x200057ec   Data          32  stm32f4xx_hal_flash.o(.bss)
    __initial_sp                             0x20009b00   Data           0  startup_stm32f407xx.o(STACK)



==============================================================================

Memory Map of the image

  Image Entry point : 0x08000189

  Load Region LR_IROM1 (Base: 0x08000000, Size: 0x00011468, Max: 0x00080000, ABSOLUTE, COMPRESSED[0x000111cc])

    Execution Region ER_IROM1 (Base: 0x08000000, Size: 0x00011190, Max: 0x00080000, ABSOLUTE)

    Base Addr    Size         Type   Attr      Idx    E Section Name        Object

    0x08000000   0x00000188   Data   RO            3    RESET               startup_stm32f407xx.o
    0x08000188   0x00000000   Code   RO         8522  * .ARM.Collect$$$$00000000  mc_w.l(entry.o)
    0x08000188   0x00000004   Code   RO         8888    .ARM.Collect$$$$00000001  mc_w.l(entry2.o)
    0x0800018c   0x00000004   Code   RO         8891    .ARM.Collect$$$$00000004  mc_w.l(entry5.o)
    0x08000190   0x00000000   Code   RO         8893    .ARM.Collect$$$$00000008  mc_w.l(entry7b.o)
    0x08000190   0x00000000   Code   RO         8895    .ARM.Collect$$$$0000000A  mc_w.l(entry8b.o)
    0x08000190   0x00000008   Code   RO         8896    .ARM.Collect$$$$0000000B  mc_w.l(entry9a.o)
    0x08000198   0x00000000   Code   RO         8898    .ARM.Collect$$$$0000000D  mc_w.l(entry10a.o)
    0x08000198   0x00000000   Code   RO         8900    .ARM.Collect$$$$0000000F  mc_w.l(entry11a.o)
    0x08000198   0x00000004   Code   RO         8889    .ARM.Collect$$$$00002712  mc_w.l(entry2.o)
    0x0800019c   0x000000be   Code   RO         6753    .emb_text           port.o
    0x0800025a   0x00000002   PAD
    0x0800025c   0x00000024   Code   RO            4    .text               startup_stm32f407xx.o
    0x08000280   0x00000062   Code   RO         8525    .text               mc_w.l(uldiv.o)
    0x080002e2   0x00000062   Code   RO         8527    .text               mc_w.l(ldiv.o)
    0x08000344   0x00000024   Code   RO         8529    .text               mc_w.l(rand.o)
    0x08000368   0x00000024   Code   RO         8532    .text               mc_w.l(memcpya.o)
    0x0800038c   0x00000024   Code   RO         8536    .text               mc_w.l(memseta.o)
    0x080003b0   0x0000000e   Code   RO         8540    .text               mc_w.l(strlen.o)
    0x080003be   0x0000001c   Code   RO         8542    .text               mc_w.l(strcmp.o)
    0x080003da   0x0000001a   Code   RO         8544    .text               mc_w.l(memcmp.o)
    0x080003f4   0x00000012   Code   RO         8546    .text               mc_w.l(strcpy.o)
    0x08000406   0x00000002   PAD
    0x08000408   0x00000044   Code   RO         8548    .text               mc_w.l(strtok.o)
    0x0800044c   0x00000038   Code   RO         8817    .text               mc_w.l(__0sscanf.o)
    0x08000484   0x0000014c   Code   RO         8819    .text               mc_w.l(_scanf_int.o)
    0x080005d0   0x0000014e   Code   RO         8823    .text               mf_w.l(dadd.o)
    0x0800071e   0x000000e4   Code   RO         8825    .text               mf_w.l(dmul.o)
    0x08000802   0x000000de   Code   RO         8827    .text               mf_w.l(ddiv.o)
    0x080008e0   0x00000022   Code   RO         8829    .text               mf_w.l(dflti.o)
    0x08000902   0x0000001a   Code   RO         8831    .text               mf_w.l(dfltui.o)
    0x0800091c   0x00000026   Code   RO         8833    .text               mf_w.l(f2d.o)
    0x08000942   0x00000038   Code   RO         8835    .text               mf_w.l(d2f.o)
    0x0800097a   0x0000002c   Code   RO         8902    .text               mc_w.l(uidiv.o)
    0x080009a6   0x0000001e   Code   RO         8904    .text               mc_w.l(llshl.o)
    0x080009c4   0x00000020   Code   RO         8906    .text               mc_w.l(llushr.o)
    0x080009e4   0x00000024   Code   RO         8908    .text               mc_w.l(llsshr.o)
    0x08000a08   0x0000001c   Code   RO         8917    .text               mc_w.l(_chval.o)
    0x08000a24   0x00000028   Code   RO         8919    .text               mc_w.l(scanf_char.o)
    0x08000a4c   0x00000040   Code   RO         8921    .text               mc_w.l(_sgetc.o)
    0x08000a8c   0x00000000   Code   RO         8925    .text               mc_w.l(iusefp.o)
    0x08000a8c   0x0000006e   Code   RO         8926    .text               mf_w.l(fepilogue.o)
    0x08000afa   0x000000ba   Code   RO         8928    .text               mf_w.l(depilogue.o)
    0x08000bb4   0x0000002e   Code   RO         8932    .text               mf_w.l(dscalb.o)
    0x08000be2   0x00000030   Code   RO         8934    .text               mf_w.l(dfixul.o)
    0x08000c12   0x00000002   PAD
    0x08000c14   0x00000030   Code   RO         8936    .text               mf_w.l(cdrcmple.o)
    0x08000c44   0x00000024   Code   RO         8938    .text               mc_w.l(init.o)
    0x08000c68   0x00000008   Code   RO         8942    .text               mc_w.l(ctype_o.o)
    0x08000c70   0x00000012   Code   RO         8964    .text               mc_w.l(isspace_o.o)
    0x08000c82   0x00000002   PAD
    0x08000c84   0x0000032c   Code   RO         8970    .text               mc_w.l(_scanf.o)
    0x08000fb0   0x000000a2   Code   RO         8974    .text               mf_w.l(dsqrt.o)
    0x08001052   0x00000056   Code   RO         8989    .text               mc_w.l(__dczerorl2.o)
    0x080010a8   0x0000003c   Code   RO          959    i.BubbleSort        key_value.o
    0x080010e4   0x00000002   Code   RO         2524    i.BusFault_Handler  stm32f4xx_it.o
    0x080010e6   0x00000084   Code   RO         6833    i.ChangePresetMode  vl53l1_api.o
    0x0800116a   0x00000002   PAD
    0x0800116c   0x00000040   Code   RO          312    i.DHT11_IN          dht11.o
    0x080011ac   0x0000004c   Code   RO          313    i.DHT11_Init        dht11.o
    0x080011f8   0x00000040   Code   RO          314    i.DHT11_OUT         dht11.o
    0x08001238   0x000000e8   Code   RO          315    i.DHT11_Read        dht11.o
    0x08001320   0x00000044   Code   RO          375    i.DWT_Delay_Init    dwt_stm32_delay.o
    0x08001364   0x0000002c   Code   RO          376    i.DWT_Delay_us      dwt_stm32_delay.o
    0x08001390   0x00000002   Code   RO         2525    i.DebugMon_Handler  stm32f4xx_it.o
    0x08001392   0x00000002   PAD
    0x08001394   0x00000050   Code   RO         2979    i.FLASH_Erase_Sector  stm32f4xx_hal_flash_ex.o
    0x080013e4   0x00000054   Code   RO         2980    i.FLASH_FlushCaches  stm32f4xx_hal_flash_ex.o
    0x08001438   0x00000028   Code   RO         2981    i.FLASH_MassErase   stm32f4xx_hal_flash_ex.o
    0x08001460   0x00000020   Code   RO         2861    i.FLASH_Program_Byte  stm32f4xx_hal_flash.o
    0x08001480   0x00000028   Code   RO         2862    i.FLASH_Program_DoubleWord  stm32f4xx_hal_flash.o
    0x080014a8   0x00000024   Code   RO         2863    i.FLASH_Program_HalfWord  stm32f4xx_hal_flash.o
    0x080014cc   0x00000024   Code   RO         2864    i.FLASH_Program_Word  stm32f4xx_hal_flash.o
    0x080014f0   0x00000068   Code   RO         2865    i.FLASH_SetErrorCode  stm32f4xx_hal_flash.o
    0x08001558   0x00000050   Code   RO         2866    i.FLASH_WaitForLastOperation  stm32f4xx_hal_flash.o
    0x080015a8   0x00000024   Code   RO         3168    i.HAL_DMA_Abort_IT  stm32f4xx_hal_dma.o
    0x080015cc   0x00000024   Code   RO         3586    i.HAL_Delay         stm32f4xx_hal.o
    0x080015f0   0x00000098   Code   RO         2982    i.HAL_FLASHEx_Erase  stm32f4xx_hal_flash_ex.o
    0x08001688   0x00000014   Code   RO         2870    i.HAL_FLASH_Lock    stm32f4xx_hal_flash.o
    0x0800169c   0x0000007c   Code   RO         2875    i.HAL_FLASH_Program  stm32f4xx_hal_flash.o
    0x08001718   0x0000002c   Code   RO         2877    i.HAL_FLASH_Unlock  stm32f4xx_hal_flash.o
    0x08001744   0x000001b0   Code   RO         3060    i.HAL_GPIO_Init     stm32f4xx_hal_gpio.o
    0x080018f4   0x0000000a   Code   RO         3062    i.HAL_GPIO_ReadPin  stm32f4xx_hal_gpio.o
    0x080018fe   0x0000000a   Code   RO         3064    i.HAL_GPIO_WritePin  stm32f4xx_hal_gpio.o
    0x08001908   0x0000000c   Code   RO         3592    i.HAL_GetTick       stm32f4xx_hal.o
    0x08001914   0x00000174   Code   RO         3845    i.HAL_I2C_Init      stm32f4xx_hal_i2c.o
    0x08001a88   0x0000006c   Code   RO         2607    i.HAL_I2C_MspInit   stm32f4xx_hal_msp.o
    0x08001af4   0x00000010   Code   RO         3598    i.HAL_IncTick       stm32f4xx_hal.o
    0x08001b04   0x00000034   Code   RO         3599    i.HAL_Init          stm32f4xx_hal.o
    0x08001b38   0x00000074   Code   RO         2666    i.HAL_InitTick      stm32f4xx_hal_timebase_tim.o
    0x08001bac   0x00000038   Code   RO         2608    i.HAL_MspInit       stm32f4xx_hal_msp.o
    0x08001be4   0x0000001a   Code   RO         3449    i.HAL_NVIC_EnableIRQ  stm32f4xx_hal_cortex.o
    0x08001bfe   0x00000002   PAD
    0x08001c00   0x00000040   Code   RO         3455    i.HAL_NVIC_SetPriority  stm32f4xx_hal_cortex.o
    0x08001c40   0x00000024   Code   RO         3456    i.HAL_NVIC_SetPriorityGrouping  stm32f4xx_hal_cortex.o
    0x08001c64   0x00000130   Code   RO         2706    i.HAL_RCC_ClockConfig  stm32f4xx_hal_rcc.o
    0x08001d94   0x00000040   Code   RO         2710    i.HAL_RCC_GetClockConfig  stm32f4xx_hal_rcc.o
    0x08001dd4   0x0000000c   Code   RO         2711    i.HAL_RCC_GetHCLKFreq  stm32f4xx_hal_rcc.o
    0x08001de0   0x00000020   Code   RO         2713    i.HAL_RCC_GetPCLK1Freq  stm32f4xx_hal_rcc.o
    0x08001e00   0x00000020   Code   RO         2714    i.HAL_RCC_GetPCLK2Freq  stm32f4xx_hal_rcc.o
    0x08001e20   0x00000060   Code   RO         2715    i.HAL_RCC_GetSysClockFreq  stm32f4xx_hal_rcc.o
    0x08001e80   0x0000031c   Code   RO         2718    i.HAL_RCC_OscConfig  stm32f4xx_hal_rcc.o
    0x0800219c   0x00000002   Code   RO         4951    i.HAL_TIMEx_BreakCallback  stm32f4xx_hal_tim_ex.o
    0x0800219e   0x00000002   Code   RO         4952    i.HAL_TIMEx_CommutCallback  stm32f4xx_hal_tim_ex.o
    0x080021a0   0x00000042   Code   RO         4969    i.HAL_TIMEx_MasterConfigSynchronization  stm32f4xx_hal_tim_ex.o
    0x080021e2   0x00000036   Code   RO         4276    i.HAL_TIM_Base_Init  stm32f4xx_hal_tim.o
    0x08002218   0x0000011c   Code   RO         2610    i.HAL_TIM_Base_MspInit  stm32f4xx_hal_msp.o
    0x08002334   0x00000024   Code   RO         4279    i.HAL_TIM_Base_Start  stm32f4xx_hal_tim.o
    0x08002358   0x00000022   Code   RO         4281    i.HAL_TIM_Base_Start_IT  stm32f4xx_hal_tim.o
    0x0800237a   0x000000d6   Code   RO         4285    i.HAL_TIM_ConfigClockSource  stm32f4xx_hal_tim.o
    0x08002450   0x00000002   Code   RO         4305    i.HAL_TIM_IC_CaptureCallback  stm32f4xx_hal_tim.o
    0x08002452   0x00000166   Code   RO         4319    i.HAL_TIM_IRQHandler  stm32f4xx_hal_tim.o
    0x080025b8   0x00000002   Code   RO         4322    i.HAL_TIM_OC_DelayElapsedCallback  stm32f4xx_hal_tim.o
    0x080025ba   0x00000002   Code   RO         4349    i.HAL_TIM_PWM_PulseFinishedCallback  stm32f4xx_hal_tim.o
    0x080025bc   0x00000014   Code   RO         2061    i.HAL_TIM_PeriodElapsedCallback  main.o
    0x080025d0   0x00000002   Code   RO         4362    i.HAL_TIM_TriggerCallback  stm32f4xx_hal_tim.o
    0x080025d2   0x00000002   Code   RO         5223    i.HAL_UART_ErrorCallback  stm32f4xx_hal_uart.o
    0x080025d4   0x00000110   Code   RO         5226    i.HAL_UART_IRQHandler  stm32f4xx_hal_uart.o
    0x080026e4   0x00000062   Code   RO         5227    i.HAL_UART_Init     stm32f4xx_hal_uart.o
    0x08002746   0x00000002   PAD
    0x08002748   0x00000108   Code   RO         2612    i.HAL_UART_MspInit  stm32f4xx_hal_msp.o
    0x08002850   0x00000052   Code   RO         5232    i.HAL_UART_Receive_IT  stm32f4xx_hal_uart.o
    0x080028a2   0x00000002   PAD
    0x080028a4   0x00000cb4   Code   RO         2062    i.HAL_UART_RxCpltCallback  main.o
    0x08003558   0x000000a4   Code   RO         5235    i.HAL_UART_Transmit  stm32f4xx_hal_uart.o
    0x080035fc   0x0000003e   Code   RO         5237    i.HAL_UART_Transmit_IT  stm32f4xx_hal_uart.o
    0x0800363a   0x00000002   Code   RO         5238    i.HAL_UART_TxCpltCallback  stm32f4xx_hal_uart.o
    0x0800363c   0x00000002   Code   RO         2526    i.HardFault_Handler  stm32f4xx_it.o
    0x0800363e   0x00000002   PAD
    0x08003640   0x00000048   Code   RO         1083    i.IIC_Ack           llgpioiic.o
    0x08003688   0x00000058   Code   RO         1084    i.IIC_Init          llgpioiic.o
    0x080036e0   0x00000048   Code   RO         1085    i.IIC_NAck          llgpioiic.o
    0x08003728   0x0000005c   Code   RO         1086    i.IIC_Read_Byte     llgpioiic.o
    0x08003784   0x0000006c   Code   RO         1087    i.IIC_Send_Byte     llgpioiic.o
    0x080037f0   0x00000048   Code   RO         1088    i.IIC_Start         llgpioiic.o
    0x08003838   0x0000004c   Code   RO         1089    i.IIC_Stop          llgpioiic.o
    0x08003884   0x00000068   Code   RO         1090    i.IIC_Wait_Ack      llgpioiic.o
    0x080038ec   0x0000006c   Code   RO         2063    i.MX_GPIO_Init      main.o
    0x08003958   0x00000058   Code   RO         2064    i.MX_TIM1_Init      main.o
    0x080039b0   0x00000054   Code   RO         2065    i.MX_TIM2_Init      main.o
    0x08003a04   0x00000058   Code   RO         2066    i.MX_TIM3_Init      main.o
    0x08003a5c   0x00000054   Code   RO         2067    i.MX_TIM4_Init      main.o
    0x08003ab0   0x00000028   Code   RO         2068    i.MX_USART2_UART_Init  main.o
    0x08003ad8   0x00000028   Code   RO         2069    i.MX_USART3_UART_Init  main.o
    0x08003b00   0x00000002   Code   RO         2527    i.MemManage_Handler  stm32f4xx_it.o
    0x08003b02   0x00000002   Code   RO         2528    i.NMI_Handler       stm32f4xx_it.o
    0x08003b04   0x00000044   Code   RO         1091    i.SDA_IN            llgpioiic.o
    0x08003b48   0x00000044   Code   RO         1092    i.SDA_OUT           llgpioiic.o
    0x08003b8c   0x00000024   Code   RO         6836    i.SetLimitValue     vl53l1_api.o
    0x08003bb0   0x000000a8   Code   RO         6837    i.SetPresetMode     vl53l1_api.o
    0x08003c58   0x000001a8   Code   RO         6838    i.SetSimpleData     vl53l1_api.o
    0x08003e00   0x00000164   Code   RO         2070    i.StartDefaultTask  main.o
    0x08003f64   0x00000108   Code   RO         2071    i.StartUITask1      main.o
    0x0800406c   0x0000035c   Code   RO         2072    i.StartUITask10     main.o
    0x080043c8   0x000000d8   Code   RO         2073    i.StartUITask11     main.o
    0x080044a0   0x0000031c   Code   RO         2074    i.StartUITask12     main.o
    0x080047bc   0x00000560   Code   RO         2075    i.StartUITask2      main.o
    0x08004d1c   0x00000114   Code   RO         2076    i.StartUITask3      main.o
    0x08004e30   0x00000260   Code   RO         2077    i.StartUITask4      main.o
    0x08005090   0x00000158   Code   RO         2078    i.StartUITask5      main.o
    0x080051e8   0x00000290   Code   RO         2079    i.StartUITask6      main.o
    0x08005478   0x000001d4   Code   RO         2080    i.StartUITask7      main.o
    0x0800564c   0x0000034c   Code   RO         2081    i.StartUITask8      main.o
    0x08005998   0x000002b8   Code   RO         2082    i.StartUITask9      main.o
    0x08005c50   0x0000002c   Code   RO         6754    i.SysTick_Handler   port.o
    0x08005c7c   0x00000084   Code   RO         2083    i.SystemClock_Config  main.o
    0x08005d00   0x00000054   Code   RO         5529    i.SystemInit        system_stm32f4xx_1.o
    0x08005d54   0x0000000c   Code   RO         2529    i.TIM6_DAC_IRQHandler  stm32f4xx_it.o
    0x08005d60   0x000000c8   Code   RO         4364    i.TIM_Base_SetConfig  stm32f4xx_hal_tim.o
    0x08005e28   0x00000014   Code   RO         4375    i.TIM_ETR_SetConfig  stm32f4xx_hal_tim.o
    0x08005e3c   0x00000010   Code   RO         4376    i.TIM_ITRx_SetConfig  stm32f4xx_hal_tim.o
    0x08005e4c   0x00000022   Code   RO         4382    i.TIM_TI1_ConfigInputStage  stm32f4xx_hal_tim.o
    0x08005e6e   0x00000024   Code   RO         4384    i.TIM_TI2_ConfigInputStage  stm32f4xx_hal_tim.o
    0x08005e92   0x00000010   Code   RO         5240    i.UART_DMAAbortOnError  stm32f4xx_hal_uart.o
    0x08005ea2   0x0000001c   Code   RO         5250    i.UART_EndRxTransfer  stm32f4xx_hal_uart.o
    0x08005ebe   0x00000096   Code   RO         5252    i.UART_Receive_IT   stm32f4xx_hal_uart.o
    0x08005f54   0x000002ac   Code   RO         5253    i.UART_SetConfig    stm32f4xx_hal_uart.o
    0x08006200   0x00000062   Code   RO         5254    i.UART_Transmit_IT  stm32f4xx_hal_uart.o
    0x08006262   0x00000064   Code   RO         5255    i.UART_WaitOnFlagUntilTimeout  stm32f4xx_hal_uart.o
    0x080062c6   0x00000002   PAD
    0x080062c8   0x0000000c   Code   RO         2530    i.USART1_IRQHandler  stm32f4xx_it.o
    0x080062d4   0x0000000c   Code   RO         2531    i.USART2_IRQHandler  stm32f4xx_it.o
    0x080062e0   0x0000000c   Code   RO         2532    i.USART3_IRQHandler  stm32f4xx_it.o
    0x080062ec   0x00000002   Code   RO         2533    i.UsageFault_Handler  stm32f4xx_it.o
    0x080062ee   0x00000016   Code   RO         6840    i.VL53L1_ClearInterruptAndStartMeasurement  vl53l1_api.o
    0x08006304   0x0000005a   Code   RO         6841    i.VL53L1_DataInit   vl53l1_api.o
    0x0800635e   0x0000001e   Code   RO         6845    i.VL53L1_GetInterMeasurementPeriodMilliSeconds  vl53l1_api.o
    0x0800637c   0x00000018   Code   RO         6847    i.VL53L1_GetLimitCheckEnable  vl53l1_api.o
    0x08006394   0x00000054   Code   RO         6850    i.VL53L1_GetLimitCheckValue  vl53l1_api.o
    0x080063e8   0x00000004   Code   RO         6851    i.VL53L1_GetMeasurementDataReady  vl53l1_api.o
    0x080063ec   0x000000d0   Code   RO         6852    i.VL53L1_GetMeasurementTimingBudgetMicroSeconds  vl53l1_api.o
    0x080064bc   0x0000003c   Code   RO         6862    i.VL53L1_GetRangingMeasurementData  vl53l1_api.o
    0x080064f8   0x00000004   Code   RO         6863    i.VL53L1_GetSequenceStepEnable  vl53l1_api.o
    0x080064fc   0x00000040   Code   RO         1906    i.VL53L1_RdByte     vl53l1_platform.o
    0x0800653c   0x0000004c   Code   RO         1908    i.VL53L1_RdWord     vl53l1_platform.o
    0x08006588   0x00000040   Code   RO         1909    i.VL53L1_ReadMulti  vl53l1_platform.o
    0x080065c8   0x00000080   Code   RO         6876    i.VL53L1_SetDistanceMode  vl53l1_api.o
    0x08006648   0x00000010   Code   RO         6877    i.VL53L1_SetInterMeasurementPeriodMilliSeconds  vl53l1_api.o
    0x08006658   0x00000036   Code   RO         6878    i.VL53L1_SetLimitCheckEnable  vl53l1_api.o
    0x0800668e   0x0000002e   Code   RO         6879    i.VL53L1_SetLimitCheckValue  vl53l1_api.o
    0x080066bc   0x00000100   Code   RO         6880    i.VL53L1_SetMeasurementTimingBudgetMicroSeconds  vl53l1_api.o
    0x080067bc   0x00000052   Code   RO         6882    i.VL53L1_SetPresetMode  vl53l1_api.o
    0x0800680e   0x00000080   Code   RO         6888    i.VL53L1_StartMeasurement  vl53l1_api.o
    0x0800688e   0x0000001c   Code   RO         6889    i.VL53L1_StaticInit  vl53l1_api.o
    0x080068aa   0x0000000c   Code   RO         1912    i.VL53L1_WaitUs     vl53l1_platform.o
    0x080068b6   0x00000002   PAD
    0x080068b8   0x00000040   Code   RO         1917    i.VL53L1_WriteMulti  vl53l1_platform.o
    0x080068f8   0x00000012   Code   RO         7824    i.VL53L1_calc_decoded_timeout_us  vl53l1_core.o
    0x0800690a   0x0000000e   Code   RO         7825    i.VL53L1_calc_encoded_timeout  vl53l1_core.o
    0x08006918   0x00000020   Code   RO         7826    i.VL53L1_calc_macro_period_us  vl53l1_core.o
    0x08006938   0x0000000a   Code   RO         8167    i.VL53L1_calc_pll_period_us  vl53l1_core_support.o
    0x08006942   0x00000046   Code   RO         7828    i.VL53L1_calc_range_ignore_threshold  vl53l1_core.o
    0x08006988   0x0000000c   Code   RO         7829    i.VL53L1_calc_timeout_mclks  vl53l1_core.o
    0x08006994   0x0000007e   Code   RO         7830    i.VL53L1_calc_timeout_register_values  vl53l1_core.o
    0x08006a12   0x00000016   Code   RO         7831    i.VL53L1_calc_timeout_us  vl53l1_core.o
    0x08006a28   0x0000004c   Code   RO         7832    i.VL53L1_check_ll_driver_rd_state  vl53l1_core.o
    0x08006a74   0x00000006   Code   RO         7287    i.VL53L1_clear_interrupt_and_enable_next_range  vl53l1_api_core.o
    0x08006a7a   0x0000001a   Code   RO         7834    i.VL53L1_config_low_power_auto_mode  vl53l1_core.o
    0x08006a94   0x00000084   Code   RO         7835    i.VL53L1_copy_rtn_good_spads_to_buffer  vl53l1_core.o
    0x08006b18   0x00000110   Code   RO         7288    i.VL53L1_copy_sys_and_core_results_to_range_results  vl53l1_api_core.o
    0x08006c28   0x000000a8   Code   RO         7289    i.VL53L1_data_init  vl53l1_api_core.o
    0x08006cd0   0x00000024   Code   RO         8168    i.VL53L1_decode_row_col  vl53l1_core_support.o
    0x08006cf4   0x0000000c   Code   RO         7837    i.VL53L1_decode_timeout  vl53l1_core.o
    0x08006d00   0x00000008   Code   RO         8169    i.VL53L1_decode_vcsel_period  vl53l1_core_support.o
    0x08006d08   0x0000000c   Code   RO         7840    i.VL53L1_decode_zone_size  vl53l1_core.o
    0x08006d14   0x0000001c   Code   RO         7846    i.VL53L1_encode_row_col  vl53l1_core.o
    0x08006d30   0x0000001e   Code   RO         7847    i.VL53L1_encode_timeout  vl53l1_core.o
    0x08006d4e   0x00000008   Code   RO         7850    i.VL53L1_encode_zone_size  vl53l1_core.o
    0x08006d56   0x00000022   Code   RO         8215    i.VL53L1_get_customer_nvm_managed  vl53l1_register_funcs.o
    0x08006d78   0x0000008a   Code   RO         7294    i.VL53L1_get_device_results  vl53l1_api_core.o
    0x08006e02   0x0000001c   Code   RO         7295    i.VL53L1_get_inter_measurement_period_ms  vl53l1_api_core.o
    0x08006e1e   0x0000000c   Code   RO         7297    i.VL53L1_get_lite_min_count_rate  vl53l1_api_core.o
    0x08006e2a   0x0000000c   Code   RO         7298    i.VL53L1_get_lite_sigma_threshold  vl53l1_api_core.o
    0x08006e36   0x00000062   Code   RO         7300    i.VL53L1_get_measurement_results  vl53l1_api_core.o
    0x08006e98   0x0000003a   Code   RO         7301    i.VL53L1_get_mode_mitigation_roi  vl53l1_api_core.o
    0x08006ed2   0x00000024   Code   RO         8216    i.VL53L1_get_nvm_copy_data  vl53l1_register_funcs.o
    0x08006ef6   0x00000080   Code   RO         7305    i.VL53L1_get_preset_mode_timing_cfg  vl53l1_api_core.o
    0x08006f76   0x00000034   Code   RO         7308    i.VL53L1_get_sequence_config_bit  vl53l1_api_core.o
    0x08006faa   0x0000001e   Code   RO         8217    i.VL53L1_get_static_nvm_managed  vl53l1_register_funcs.o
    0x08006fc8   0x00000072   Code   RO         7309    i.VL53L1_get_timeouts_us  vl53l1_api_core.o
    0x0800703a   0x000001b0   Code   RO         7310    i.VL53L1_get_tuning_parm  vl53l1_api_core.o
    0x080071ea   0x00000024   Code   RO         7311    i.VL53L1_get_user_zone  vl53l1_api_core.o
    0x0800720e   0x00000078   Code   RO         8219    i.VL53L1_i2c_decode_core_results  vl53l1_register_funcs.o
    0x08007286   0x0000009e   Code   RO         8220    i.VL53L1_i2c_decode_customer_nvm_managed  vl53l1_register_funcs.o
    0x08007324   0x00000194   Code   RO         8221    i.VL53L1_i2c_decode_debug_results  vl53l1_register_funcs.o
    0x080074b8   0x00000022   Code   RO         7852    i.VL53L1_i2c_decode_int16_t  vl53l1_core.o
    0x080074da   0x00000002   PAD
    0x080074dc   0x00000020   Code   RO         7853    i.VL53L1_i2c_decode_int32_t  vl53l1_core.o
    0x080074fc   0x0000013e   Code   RO         8223    i.VL53L1_i2c_decode_nvm_copy_data  vl53l1_register_funcs.o
    0x0800763a   0x0000005c   Code   RO         8225    i.VL53L1_i2c_decode_static_nvm_managed  vl53l1_register_funcs.o
    0x08007696   0x0000011c   Code   RO         8226    i.VL53L1_i2c_decode_system_results  vl53l1_register_funcs.o
    0x080077b2   0x00000002   PAD
    0x080077b4   0x0000001a   Code   RO         7854    i.VL53L1_i2c_decode_uint16_t  vl53l1_core.o
    0x080077ce   0x00000002   PAD
    0x080077d0   0x00000018   Code   RO         7855    i.VL53L1_i2c_decode_uint32_t  vl53l1_core.o
    0x080077e8   0x000000a6   Code   RO         8227    i.VL53L1_i2c_encode_customer_nvm_managed  vl53l1_register_funcs.o
    0x0800788e   0x00000086   Code   RO         8228    i.VL53L1_i2c_encode_dynamic_config  vl53l1_register_funcs.o
    0x08007914   0x0000008c   Code   RO         8229    i.VL53L1_i2c_encode_general_config  vl53l1_register_funcs.o
    0x080079a0   0x0000001a   Code   RO         7857    i.VL53L1_i2c_encode_int16_t  vl53l1_core.o
    0x080079ba   0x000000de   Code   RO         8230    i.VL53L1_i2c_encode_static_config  vl53l1_register_funcs.o
    0x08007a98   0x0000005c   Code   RO         8231    i.VL53L1_i2c_encode_static_nvm_managed  vl53l1_register_funcs.o
    0x08007af4   0x00000034   Code   RO         8232    i.VL53L1_i2c_encode_system_control  vl53l1_register_funcs.o
    0x08007b28   0x0000008a   Code   RO         8233    i.VL53L1_i2c_encode_timing_config  vl53l1_register_funcs.o
    0x08007bb2   0x0000001a   Code   RO         7859    i.VL53L1_i2c_encode_uint16_t  vl53l1_core.o
    0x08007bcc   0x0000001a   Code   RO         7860    i.VL53L1_i2c_encode_uint32_t  vl53l1_core.o
    0x08007be6   0x000001e6   Code   RO         7315    i.VL53L1_init_and_start_range  vl53l1_api_core.o
    0x08007dcc   0x00000018   Code   RO         7861    i.VL53L1_init_ll_driver_state  vl53l1_core.o
    0x08007de4   0x00000026   Code   RO         7652    i.VL53L1_init_offset_cal_config_struct  vl53l1_api_preset_modes.o
    0x08007e0a   0x00000022   Code   RO         7653    i.VL53L1_init_refspadchar_config_struct  vl53l1_api_preset_modes.o
    0x08007e2c   0x0000001e   Code   RO         7654    i.VL53L1_init_ssc_config_struct  vl53l1_api_preset_modes.o
    0x08007e4a   0x0000008e   Code   RO         7655    i.VL53L1_init_tuning_parm_storage_struct  vl53l1_api_preset_modes.o
    0x08007ed8   0x0000001a   Code   RO         7863    i.VL53L1_init_version  vl53l1_core.o
    0x08007ef2   0x00000050   Code   RO         7656    i.VL53L1_init_xtalk_config_struct  vl53l1_api_preset_modes.o
    0x08007f42   0x00000036   Code   RO         8409    i.VL53L1_is_new_data_ready  vl53l1_wait.o
    0x08007f78   0x0000002c   Code   RO         7865    i.VL53L1_low_power_auto_data_init  vl53l1_core.o
    0x08007fa4   0x00000030   Code   RO         7866    i.VL53L1_low_power_auto_data_stop_range  vl53l1_core.o
    0x08007fd4   0x00000046   Code   RO         7867    i.VL53L1_low_power_auto_setup_manual_calibration  vl53l1_core.o
    0x0800801a   0x00000062   Code   RO         7868    i.VL53L1_low_power_auto_update_DSS  vl53l1_core.o
    0x0800807c   0x0000002e   Code   RO         7657    i.VL53L1_preset_mode_low_power_auto_long_ranging  vl53l1_api_preset_modes.o
    0x080080aa   0x0000002e   Code   RO         7658    i.VL53L1_preset_mode_low_power_auto_ranging  vl53l1_api_preset_modes.o
    0x080080d8   0x0000002e   Code   RO         7659    i.VL53L1_preset_mode_low_power_auto_short_ranging  vl53l1_api_preset_modes.o
    0x08008106   0x00000018   Code   RO         7660    i.VL53L1_preset_mode_olt  vl53l1_api_preset_modes.o
    0x0800811e   0x00000032   Code   RO         7661    i.VL53L1_preset_mode_singleshot_ranging  vl53l1_api_preset_modes.o
    0x08008150   0x00000146   Code   RO         7662    i.VL53L1_preset_mode_standard_ranging  vl53l1_api_preset_modes.o
    0x08008296   0x0000003e   Code   RO         7663    i.VL53L1_preset_mode_standard_ranging_long_range  vl53l1_api_preset_modes.o
    0x080082d4   0x00000024   Code   RO         7664    i.VL53L1_preset_mode_standard_ranging_mm1_cal  vl53l1_api_preset_modes.o
    0x080082f8   0x00000024   Code   RO         7665    i.VL53L1_preset_mode_standard_ranging_mm2_cal  vl53l1_api_preset_modes.o
    0x0800831c   0x0000003e   Code   RO         7666    i.VL53L1_preset_mode_standard_ranging_short_range  vl53l1_api_preset_modes.o
    0x0800835a   0x00000038   Code   RO         7667    i.VL53L1_preset_mode_timed_ranging  vl53l1_api_preset_modes.o
    0x08008392   0x00000038   Code   RO         7668    i.VL53L1_preset_mode_timed_ranging_long_range  vl53l1_api_preset_modes.o
    0x080083ca   0x0000003a   Code   RO         7669    i.VL53L1_preset_mode_timed_ranging_short_range  vl53l1_api_preset_modes.o
    0x08008404   0x0000007c   Code   RO         7316    i.VL53L1_read_p2p_data  vl53l1_api_core.o
    0x08008480   0x0000001c   Code   RO         7321    i.VL53L1_set_inter_measurement_period_ms  vl53l1_api_core.o
    0x0800849c   0x0000000a   Code   RO         7323    i.VL53L1_set_lite_min_count_rate  vl53l1_api_core.o
    0x080084a6   0x0000000a   Code   RO         7324    i.VL53L1_set_lite_sigma_threshold  vl53l1_api_core.o
    0x080084b0   0x000001a2   Code   RO         7329    i.VL53L1_set_preset_mode  vl53l1_api_core.o
    0x08008652   0x00000022   Code   RO         8239    i.VL53L1_set_system_control  vl53l1_register_funcs.o
    0x08008674   0x00000036   Code   RO         7333    i.VL53L1_set_timeouts_us  vl53l1_api_core.o
    0x080086aa   0x00000024   Code   RO         7335    i.VL53L1_set_user_zone  vl53l1_api_core.o
    0x080086ce   0x00000012   Code   RO         7337    i.VL53L1_set_vhv_loopbound  vl53l1_api_core.o
    0x080086e0   0x00000046   Code   RO         7339    i.VL53L1_stop_range  vl53l1_api_core.o
    0x08008726   0x00000060   Code   RO         7878    i.VL53L1_update_ll_driver_cfg_state  vl53l1_core.o
    0x08008786   0x00000074   Code   RO         7879    i.VL53L1_update_ll_driver_rd_state  vl53l1_core.o
    0x080087fa   0x0000000c   Code   RO         1918    i._I2CRead          vl53l1_platform.o
    0x08008806   0x0000000c   Code   RO         1919    i._I2CWrite         vl53l1_platform.o
    0x08008812   0x00000002   PAD
    0x08008814   0x00000020   Code   RO         8789    i.__0printf         mc_w.l(printfa.o)
    0x08008834   0x00000028   Code   RO         8791    i.__0sprintf        mc_w.l(printfa.o)
    0x0800885c   0x00000030   Code   RO         8871    i.__ARM_fpclassify  m_wm.l(fpclassify.o)
    0x0800888c   0x00000020   Code   RO         3462    i.__NVIC_SetPriority  stm32f4xx_hal_cortex.o
    0x080088ac   0x00000024   Code   RO         2084    i.__NVIC_SystemReset  main.o
    0x080088d0   0x0000009c   Code   RO          960    i.__find_key        key_value.o
    0x0800896c   0x0000006c   Code   RO          961    i.__find_real_key   key_value.o
    0x080089d8   0x00000360   Code   RO         8482    i.__hardfp_asin     m_wm.l(asin.o)
    0x08008d38   0x000002d8   Code   RO         8837    i.__hardfp_atan     m_wm.l(atan.o)
    0x08009010   0x000001f0   Code   RO         8496    i.__hardfp_atan2    m_wm.l(atan2.o)
    0x08009200   0x00000c50   Code   RO         8508    i.__hardfp_pow      m_wm.l(pow.o)
    0x08009e50   0x000000f8   Code   RO         8873    i.__kernel_poly     m_wm.l(poly.o)
    0x08009f48   0x00000030   Code   RO         8851    i.__mathlib_dbl_divzero  m_wm.l(dunder.o)
    0x08009f78   0x00000014   Code   RO         8852    i.__mathlib_dbl_infnan  m_wm.l(dunder.o)
    0x08009f8c   0x00000014   Code   RO         8853    i.__mathlib_dbl_infnan2  m_wm.l(dunder.o)
    0x08009fa0   0x00000020   Code   RO         8854    i.__mathlib_dbl_invalid  m_wm.l(dunder.o)
    0x08009fc0   0x00000020   Code   RO         8855    i.__mathlib_dbl_overflow  m_wm.l(dunder.o)
    0x08009fe0   0x00000020   Code   RO         8857    i.__mathlib_dbl_underflow  m_wm.l(dunder.o)
    0x0800a000   0x0000000e   Code   RO         8983    i.__scatterload_copy  mc_w.l(handlers.o)
    0x0800a00e   0x00000002   Code   RO         8984    i.__scatterload_null  mc_w.l(handlers.o)
    0x0800a010   0x0000000e   Code   RO         8985    i.__scatterload_zeroinit  mc_w.l(handlers.o)
    0x0800a01e   0x00000002   PAD
    0x0800a020   0x0000000c   Code   RO         8912    i.__set_errno       mc_w.l(errno.o)
    0x0800a02c   0x00000184   Code   RO         8796    i._fp_digits        mc_w.l(printfa.o)
    0x0800a1b0   0x000006dc   Code   RO         8797    i._printf_core      mc_w.l(printfa.o)
    0x0800a88c   0x00000024   Code   RO         8798    i._printf_post_padding  mc_w.l(printfa.o)
    0x0800a8b0   0x0000002e   Code   RO         8799    i._printf_pre_padding  mc_w.l(printfa.o)
    0x0800a8de   0x0000000a   Code   RO         8801    i._sputc            mc_w.l(printfa.o)
    0x0800a8e8   0x0000006c   Code   RO          962    i.aphash            key_value.o
    0x0800a954   0x00000010   Code   RO         8839    i.atan              m_wm.l(atan.o)
    0x0800a964   0x0000003c   Code   RO          963    i.backup_flag       key_value.o
    0x0800a9a0   0x00000160   Code   RO          256    i.bmp280CompensateP  bmp280.o
    0x0800ab00   0x00000128   Code   RO          257    i.bmp280GetData     bmp280.o
    0x0800ac28   0x00000048   Code   RO          258    i.bmp280GetPressure  bmp280.o
    0x0800ac70   0x00000058   Code   RO          260    i.bmp280Init        bmp280.o
    0x0800acc8   0x00000034   Code   RO         1243    i.crc16             modbus.o
    0x0800acfc   0x0000000a   Code   RO          377    i.delay_ms          dwt_stm32_delay.o
    0x0800ad06   0x00000004   Code   RO          378    i.delay_us          dwt_stm32_delay.o
    0x0800ad0a   0x0000003a   Code   RO          764    i.dmp_enable_6x_lp_quat  inv_mpu_dmp_motion_driver.o
    0x0800ad44   0x000001d8   Code   RO          765    i.dmp_enable_feature  inv_mpu_dmp_motion_driver.o
    0x0800af1c   0x0000003c   Code   RO          766    i.dmp_enable_gyro_cal  inv_mpu_dmp_motion_driver.o
    0x0800af58   0x0000003a   Code   RO          767    i.dmp_enable_lp_quat  inv_mpu_dmp_motion_driver.o
    0x0800af92   0x00000002   PAD
    0x0800af94   0x00000014   Code   RO          772    i.dmp_load_motion_driver_firmware  inv_mpu_dmp_motion_driver.o
    0x0800afa8   0x00000148   Code   RO          773    i.dmp_read_fifo     inv_mpu_dmp_motion_driver.o
    0x0800b0f0   0x000000d8   Code   RO          776    i.dmp_set_accel_bias  inv_mpu_dmp_motion_driver.o
    0x0800b1c8   0x00000064   Code   RO          777    i.dmp_set_fifo_rate  inv_mpu_dmp_motion_driver.o
    0x0800b22c   0x000000cc   Code   RO          778    i.dmp_set_gyro_bias  inv_mpu_dmp_motion_driver.o
    0x0800b2f8   0x0000010c   Code   RO          780    i.dmp_set_orientation  inv_mpu_dmp_motion_driver.o
    0x0800b404   0x00000030   Code   RO          783    i.dmp_set_shake_reject_thresh  inv_mpu_dmp_motion_driver.o
    0x0800b434   0x00000020   Code   RO          784    i.dmp_set_shake_reject_time  inv_mpu_dmp_motion_driver.o
    0x0800b454   0x00000020   Code   RO          785    i.dmp_set_shake_reject_timeout  inv_mpu_dmp_motion_driver.o
    0x0800b474   0x00000040   Code   RO          786    i.dmp_set_tap_axes  inv_mpu_dmp_motion_driver.o
    0x0800b4b4   0x00000022   Code   RO          787    i.dmp_set_tap_count  inv_mpu_dmp_motion_driver.o
    0x0800b4d6   0x00000002   PAD
    0x0800b4d8   0x00000160   Code   RO          788    i.dmp_set_tap_thresh  inv_mpu_dmp_motion_driver.o
    0x0800b638   0x00000020   Code   RO          789    i.dmp_set_tap_time  inv_mpu_dmp_motion_driver.o
    0x0800b658   0x00000020   Code   RO          790    i.dmp_set_tap_time_multi  inv_mpu_dmp_motion_driver.o
    0x0800b678   0x00000018   Code   RO         8867    i.fabs              m_wm.l(fabs.o)
    0x0800b690   0x000000b4   Code   RO          431    i.flash_erase       insideflash.o
    0x0800b744   0x00000020   Code   RO         1768    i.flash_legal_sector_address  transplant.o
    0x0800b764   0x00000058   Code   RO         1769    i.flash_sector_address  transplant.o
    0x0800b7bc   0x00000022   Code   RO         1770    i.flash_sector_index  transplant.o
    0x0800b7de   0x00000002   PAD
    0x0800b7e0   0x00000128   Code   RO          432    i.flash_write       insideflash.o
    0x0800b908   0x00000018   Code   RO         2085    i.fputc             main.o
    0x0800b920   0x0000001a   Code   RO          316    i.getDHTRaw         dht11.o
    0x0800b93a   0x00000002   PAD
    0x0800b93c   0x00000034   Code   RO          966    i.get_backup_flag   key_value.o
    0x0800b970   0x0000000c   Code   RO          379    i.get_cyccnt        dwt_stm32_delay.o
    0x0800b97c   0x00000018   Code   RO         1245    i.get_gapcyccnt     modbus.o
    0x0800b994   0x0000008c   Code   RO          967    i.get_key_value     key_value.o
    0x0800ba20   0x00000314   Code   RO          477    i.get_st_biases     inv_mpu.o
    0x0800bd34   0x00000178   Code   RO         1812    i.getiogroup        motor.o
    0x0800beac   0x0000019e   Code   RO         1813    i.getiopin          motor.o
    0x0800c04a   0x00000022   Code   RO         1814    i.getiostate        motor.o
    0x0800c06c   0x00000114   Code   RO         2086    i.gettargetdata     main.o
    0x0800c180   0x000000b8   Code   RO         2087    i.gettargetiostate  main.o
    0x0800c238   0x000000b8   Code   RO         2088    i.getwritebackiostate  main.o
    0x0800c2f0   0x00000070   Code   RO         1093    i.i2cReadBuffer     llgpioiic.o
    0x0800c360   0x00000046   Code   RO         1094    i.i2cReadBuffer2    llgpioiic.o
    0x0800c3a6   0x00000050   Code   RO         1095    i.i2cWriteBuffer    llgpioiic.o
    0x0800c3f6   0x00000040   Code   RO         1096    i.i2cWriteBuffer2   llgpioiic.o
    0x0800c436   0x00000010   Code   RO         1097    i.i2cread           llgpioiic.o
    0x0800c446   0x00000010   Code   RO         1098    i.i2cread2          llgpioiic.o
    0x0800c456   0x00000010   Code   RO         1099    i.i2cwrite          llgpioiic.o
    0x0800c466   0x00000010   Code   RO         1100    i.i2cwrite2         llgpioiic.o
    0x0800c476   0x00000060   Code   RO         1102    i.iicDevRead2       llgpioiic.o
    0x0800c4d6   0x0000003e   Code   RO         1103    i.iicDevReadByte    llgpioiic.o
    0x0800c514   0x00000032   Code   RO         1105    i.iicDevWriteByte   llgpioiic.o
    0x0800c546   0x00000002   PAD
    0x0800c548   0x0000014c   Code   RO          969    i.init_key_value2   key_value.o
    0x0800c694   0x00000048   Code   RO         2089    i.inv_row_2_scale   main.o
    0x0800c6dc   0x00000488   Code   RO         2090    i.main              main.o
    0x0800cb64   0x0000000c   Code   RO         6325    i.makeFreeRtosPriority  cmsis_os.o
    0x0800cb70   0x00000002   Code   RO          380    i.mget_ms           dwt_stm32_delay.o
    0x0800cb72   0x0000009c   Code   RO         1246    i.mod_recv          modbus.o
    0x0800cc0e   0x00000002   PAD
    0x0800cc10   0x00000048   Code   RO         1247    i.mod_send          modbus.o
    0x0800cc58   0x00000020   Code   RO         1248    i.mod_send_baro     modbus.o
    0x0800cc78   0x0000001c   Code   RO         1249    i.mod_send_coilstate  modbus.o
    0x0800cc94   0x00000020   Code   RO         1251    i.mod_send_elevation  modbus.o
    0x0800ccb4   0x00000016   Code   RO         1252    i.mod_send_getotherreg  modbus.o
    0x0800ccca   0x00000002   PAD
    0x0800cccc   0x00000020   Code   RO         1253    i.mod_send_humidity  modbus.o
    0x0800ccec   0x00000016   Code   RO         1254    i.mod_send_othercoilstate  modbus.o
    0x0800cd02   0x00000002   PAD
    0x0800cd04   0x00000020   Code   RO         1255    i.mod_send_pitch    modbus.o
    0x0800cd24   0x00000020   Code   RO         1256    i.mod_send_pwm1     modbus.o
    0x0800cd44   0x00000020   Code   RO         1257    i.mod_send_pwm2     modbus.o
    0x0800cd64   0x00000020   Code   RO         1258    i.mod_send_pwm3     modbus.o
    0x0800cd84   0x0000001c   Code   RO         1259    i.mod_send_pwm4     modbus.o
    0x0800cda0   0x0000001c   Code   RO         1260    i.mod_send_readothercoil  modbus.o
    0x0800cdbc   0x0000001c   Code   RO         1261    i.mod_send_readotherreg  modbus.o
    0x0800cdd8   0x00000020   Code   RO         1262    i.mod_send_roll     modbus.o
    0x0800cdf8   0x0000001c   Code   RO         1263    i.mod_send_temperature  modbus.o
    0x0800ce14   0x00000016   Code   RO         1264    i.mod_send_writeothercoil  modbus.o
    0x0800ce2a   0x00000002   PAD
    0x0800ce2c   0x00000020   Code   RO         1265    i.mod_send_yaw      modbus.o
    0x0800ce4c   0x00000148   Code   RO         1815    i.motor42_forward   motor.o
    0x0800cf94   0x00000008   Code   RO         1816    i.motor42_fround    motor.o
    0x0800cf9c   0x00000148   Code   RO         1817    i.motor42_reverse   motor.o
    0x0800d0e4   0x00000008   Code   RO         1818    i.motor42_rround    motor.o
    0x0800d0ec   0x00000050   Code   RO         1819    i.motor_initpin     motor.o
    0x0800d13c   0x000000e0   Code   RO          971    i.move_key_value    key_value.o
    0x0800d21c   0x00000058   Code   RO          972    i.move_key_value_back  key_value.o
    0x0800d274   0x00000054   Code   RO          478    i.mpu_configure_fifo  inv_mpu.o
    0x0800d2c8   0x0000003c   Code   RO          479    i.mpu_get_accel_fsr  inv_mpu.o
    0x0800d304   0x00000044   Code   RO          481    i.mpu_get_accel_sens  inv_mpu.o
    0x0800d348   0x00000034   Code   RO          487    i.mpu_get_gyro_fsr  inv_mpu.o
    0x0800d37c   0x0000004c   Code   RO          489    i.mpu_get_gyro_sens  inv_mpu.o
    0x0800d3c8   0x00000038   Code   RO          491    i.mpu_get_lpf       inv_mpu.o
    0x0800d400   0x0000001c   Code   RO          493    i.mpu_get_sample_rate  inv_mpu.o
    0x0800d41c   0x000000fc   Code   RO          495    i.mpu_init          inv_mpu.o
    0x0800d518   0x000000d8   Code   RO          496    i.mpu_load_firmware  inv_mpu.o
    0x0800d5f0   0x000000b8   Code   RO          497    i.mpu_lp_accel_mode  inv_mpu.o
    0x0800d6a8   0x00000090   Code   RO          500    i.mpu_read_fifo_stream  inv_mpu.o
    0x0800d738   0x00000054   Code   RO          501    i.mpu_read_mem      inv_mpu.o
    0x0800d78c   0x00000160   Code   RO          504    i.mpu_reset_fifo    inv_mpu.o
    0x0800d8ec   0x0000009c   Code   RO          505    i.mpu_run_self_test  inv_mpu.o
    0x0800d988   0x00000068   Code   RO          507    i.mpu_set_accel_fsr  inv_mpu.o
    0x0800d9f0   0x000000dc   Code   RO          508    i.mpu_set_bypass    inv_mpu.o
    0x0800dacc   0x0000004c   Code   RO          509    i.mpu_set_compass_sample_rate  inv_mpu.o
    0x0800db18   0x00000078   Code   RO          510    i.mpu_set_dmp_state  inv_mpu.o
    0x0800db90   0x0000006c   Code   RO          511    i.mpu_set_gyro_fsr  inv_mpu.o
    0x0800dbfc   0x00000064   Code   RO          512    i.mpu_set_int_latched  inv_mpu.o
    0x0800dc60   0x0000006c   Code   RO          514    i.mpu_set_lpf       inv_mpu.o
    0x0800dccc   0x00000090   Code   RO          515    i.mpu_set_sample_rate  inv_mpu.o
    0x0800dd5c   0x00000134   Code   RO          516    i.mpu_set_sensors   inv_mpu.o
    0x0800de90   0x00000054   Code   RO          517    i.mpu_write_mem     inv_mpu.o
    0x0800dee4   0x0000000e   Code   RO         6327    i.osDelay           cmsis_os.o
    0x0800def2   0x0000000a   Code   RO         6330    i.osKernelStart     cmsis_os.o
    0x0800defc   0x00000054   Code   RO         6364    i.osThreadCreate    cmsis_os.o
    0x0800df50   0x00000070   Code   RO         6022    i.prvAddCurrentTaskToDelayedList  tasks.o
    0x0800dfc0   0x000000d0   Code   RO         6023    i.prvAddNewTaskToReadyList  tasks.o
    0x0800e090   0x0000006c   Code   RO         5708    i.prvCopyDataToQueue  queue.o
    0x0800e0fc   0x00000034   Code   RO         6024    i.prvDeleteTCB      tasks.o
    0x0800e130   0x0000004c   Code   RO         6692    i.prvHeapInit       heap_4.o
    0x0800e17c   0x00000060   Code   RO         6025    i.prvIdleTask       tasks.o
    0x0800e1dc   0x00000016   Code   RO         5709    i.prvInitialiseMutex  queue.o
    0x0800e1f2   0x00000016   Code   RO         5710    i.prvInitialiseNewQueue  queue.o
    0x0800e208   0x0000008e   Code   RO         6026    i.prvInitialiseNewTask  tasks.o
    0x0800e296   0x00000002   PAD
    0x0800e298   0x0000004c   Code   RO         6693    i.prvInsertBlockIntoFreeList  heap_4.o
    0x0800e2e4   0x0000001c   Code   RO         5711    i.prvIsQueueEmpty   queue.o
    0x0800e300   0x00000020   Code   RO         6027    i.prvResetNextTaskUnblockTime  tasks.o
    0x0800e320   0x00000028   Code   RO         6755    i.prvTaskExitError  port.o
    0x0800e348   0x0000006a   Code   RO         5712    i.prvUnlockQueue    queue.o
    0x0800e3b2   0x00000002   PAD
    0x0800e3b4   0x000000d8   Code   RO         6694    i.pvPortMalloc      heap_4.o
    0x0800e48c   0x00000018   Code   RO         6029    i.pvTaskIncrementMutexHeldCount  tasks.o
    0x0800e4a4   0x0000002c   Code   RO         6756    i.pxPortInitialiseStack  port.o
    0x0800e4d0   0x00000054   Code   RO         2091    i.readothertargetcoil2u2  main.o
    0x0800e524   0x00000054   Code   RO         2092    i.readothertargetdata2u2  main.o
    0x0800e578   0x0000007c   Code   RO         2093    i.reboot_times_history_info  main.o
    0x0800e5f4   0x00000060   Code   RO         2094    i.refreshbmp280     main.o
    0x0800e654   0x00000020   Code   RO         2095    i.refreshdht11      main.o
    0x0800e674   0x000001e4   Code   RO         2096    i.refreshmpu9250    main.o
    0x0800e858   0x000000d4   Code   RO         2098    i.run_self_test     main.o
    0x0800e92c   0x00000050   Code   RO         2099    i.sendotherdata2u3  main.o
    0x0800e97c   0x00000050   Code   RO         2100    i.sendotheriostate2u3  main.o
    0x0800e9cc   0x00000060   Code   RO         2101    i.sendselfdata2u2   main.o
    0x0800ea2c   0x00000060   Code   RO         2102    i.sendselfdata2u3   main.o
    0x0800ea8c   0x00000054   Code   RO         2103    i.sendselfiostate2u2  main.o
    0x0800eae0   0x00000054   Code   RO         2104    i.sendselfiostate2u3  main.o
    0x0800eb34   0x0000001c   Code   RO         2105    i.setTolerance1     main.o
    0x0800eb50   0x00000018   Code   RO         2106    i.setTolerance2     main.o
    0x0800eb68   0x00000018   Code   RO         2107    i.setTolerance3     main.o
    0x0800eb80   0x00000018   Code   RO         2108    i.setTolerance4     main.o
    0x0800eb98   0x00000058   Code   RO          518    i.set_int_enable    inv_mpu.o
    0x0800ebf0   0x000003c0   Code   RO          973    i.set_key_value     key_value.o
    0x0800efb0   0x0000001e   Code   RO         1820    i.setiohigh         motor.o
    0x0800efce   0x00000002   PAD
    0x0800efd0   0x000000b8   Code   RO         1821    i.setioin           motor.o
    0x0800f088   0x0000001e   Code   RO         1822    i.setiolow          motor.o
    0x0800f0a6   0x00000002   PAD
    0x0800f0a8   0x000000bc   Code   RO         1823    i.setioout          motor.o
    0x0800f164   0x000001d8   Code   RO          519    i.setup_compass     inv_mpu.o
    0x0800f33c   0x0000006e   Code   RO         8878    i.sqrt              m_wm.l(sqrt.o)
    0x0800f3aa   0x00000026   Code   RO         5667    i.uxListRemove      list.o
    0x0800f3d0   0x00000014   Code   RO         2490    i.vApplicationGetIdleTaskMemory  freertos.o
    0x0800f3e4   0x00000016   Code   RO         5668    i.vListInitialise   list.o
    0x0800f3fa   0x00000006   Code   RO         5669    i.vListInitialiseItem  list.o
    0x0800f400   0x00000030   Code   RO         5670    i.vListInsert       list.o
    0x0800f430   0x00000018   Code   RO         5671    i.vListInsertEnd    list.o
    0x0800f448   0x00000040   Code   RO         6758    i.vPortEnterCritical  port.o
    0x0800f488   0x00000028   Code   RO         6759    i.vPortExitCritical  port.o
    0x0800f4b0   0x0000005c   Code   RO         6695    i.vPortFree         heap_4.o
    0x0800f50c   0x00000024   Code   RO         6760    i.vPortSetupTimerInterrupt  port.o
    0x0800f530   0x0000004c   Code   RO         6035    i.vTaskDelay        tasks.o
    0x0800f57c   0x00000010   Code   RO         6038    i.vTaskInternalSetTimeOutState  tasks.o
    0x0800f58c   0x0000000c   Code   RO         6039    i.vTaskMissedYield  tasks.o
    0x0800f598   0x00000030   Code   RO         6041    i.vTaskPlaceOnEventList  tasks.o
    0x0800f5c8   0x000000a8   Code   RO         6043    i.vTaskPriorityDisinheritAfterTimeout  tasks.o
    0x0800f670   0x0000006c   Code   RO         6048    i.vTaskStartScheduler  tasks.o
    0x0800f6dc   0x00000010   Code   RO         6050    i.vTaskSuspendAll   tasks.o
    0x0800f6ec   0x0000005c   Code   RO         6051    i.vTaskSwitchContext  tasks.o
    0x0800f748   0x00000058   Code   RO         2109    i.writeothertargetcoil2u2  main.o
    0x0800f7a0   0x000000f4   Code   RO         6762    i.xPortStartScheduler  port.o
    0x0800f894   0x00000016   Code   RO         5719    i.xQueueCreateMutex  queue.o
    0x0800f8aa   0x00000048   Code   RO         5721    i.xQueueGenericCreate  queue.o
    0x0800f8f2   0x00000002   PAD
    0x0800f8f4   0x00000088   Code   RO         5723    i.xQueueGenericReset  queue.o
    0x0800f97c   0x00000160   Code   RO         5724    i.xQueueGenericSend  queue.o
    0x0800fadc   0x00000178   Code   RO         5733    i.xQueueSemaphoreTake  queue.o
    0x0800fc54   0x00000074   Code   RO         6052    i.xTaskCheckForTimeOut  tasks.o
    0x0800fcc8   0x0000005a   Code   RO         6053    i.xTaskCreate       tasks.o
    0x0800fd22   0x00000056   Code   RO         6054    i.xTaskCreateStatic  tasks.o
    0x0800fd78   0x0000001c   Code   RO         6058    i.xTaskGetSchedulerState  tasks.o
    0x0800fd94   0x000000c8   Code   RO         6061    i.xTaskIncrementTick  tasks.o
    0x0800fe5c   0x00000098   Code   RO         6064    i.xTaskPriorityDisinherit  tasks.o
    0x0800fef4   0x00000094   Code   RO         6065    i.xTaskPriorityInherit  tasks.o
    0x0800ff88   0x00000074   Code   RO         6066    i.xTaskRemoveFromEventList  tasks.o
    0x0800fffc   0x000000c4   Code   RO         6067    i.xTaskResumeAll    tasks.o
    0x080100c0   0x0000002a   Data   RO          520    .constdata          inv_mpu.o
    0x080100ea   0x0000000e   Data   RO          521    .constdata          inv_mpu.o
    0x080100f8   0x00000028   Data   RO          522    .constdata          inv_mpu.o
    0x08010120   0x00000bf6   Data   RO          792    .constdata          inv_mpu_dmp_motion_driver.o
    0x08010d16   0x00000002   PAD
    0x08010d18   0x0000016c   Data   RO         2116    .constdata          main.o
    0x08010e84   0x00000010   Data   RO         5530    .constdata          system_stm32f4xx_1.o
    0x08010e94   0x00000008   Data   RO         5531    .constdata          system_stm32f4xx_1.o
    0x08010e9c   0x00000004   PAD
    0x08010ea0   0x00000050   Data   RO         8485    .constdata          m_wm.l(asin.o)
    0x08010ef0   0x00000088   Data   RO         8511    .constdata          m_wm.l(pow.o)
    0x08010f78   0x00000098   Data   RO         8840    .constdata          m_wm.l(atan.o)
    0x08011010   0x00000008   Data   RO         8875    .constdata          m_wm.l(qnan.o)
    0x08011018   0x00000081   Data   RO         8943    .constdata          mc_w.l(ctype_o.o)
    0x08011099   0x00000003   PAD
    0x0801109c   0x00000004   Data   RO         8944    .constdata          mc_w.l(ctype_o.o)
    0x080110a0   0x000000d0   Data   RO         2119    .conststring        main.o
    0x08011170   0x00000020   Data   RO         8981    Region$$Table       anon$$obj.o


    Execution Region RW_IRAM1 (Base: 0x20000000, Size: 0x00009b00, Max: 0x00020000, ABSOLUTE, COMPRESSED[0x0000003c])

    Base Addr    Size         Type   Attr      Idx    E Section Name        Object

    0x20000000   0x00000014   Data   RW          262    .data               bmp280.o
    0x20000014   0x00000038   Data   RW          523    .data               inv_mpu.o
    0x2000004c   0x00000010   Data   RW          974    .data               key_value.o
    0x2000005c   0x00000004   Data   RW         1771    .data               transplant.o
    0x20000060   0x000001d9   Data   RW         2120    .data               main.o
    0x20000239   0x00000003   PAD
    0x2000023c   0x0000000c   Data   RW         3606    .data               stm32f4xx_hal.o
    0x20000248   0x00000004   Data   RW         5532    .data               system_stm32f4xx_1.o
    0x2000024c   0x0000003c   Data   RW         6070    .data               tasks.o
    0x20000288   0x00000018   Data   RW         6700    .data               heap_4.o
    0x200002a0   0x0000000c   Data   RW         6763    .data               port.o
    0x200002ac   0x00000020   Data   RW         6896    .data               vl53l1_api.o
    0x200002cc   0x00000004   Data   RW         8530    .data               mc_w.l(rand.o)
    0x200002d0   0x00000004   Data   RW         8549    .data               mc_w.l(strtok.o)
    0x200002d4   0x00000004   Data   RW         8913    .data               mc_w.l(errno.o)
    0x200002d8   0x0000001c   Zero   RW          261    .bss                bmp280.o
    0x200002f4   0x00000010   Zero   RW          791    .bss                inv_mpu_dmp_motion_driver.o
    0x20000304   0x00000100   Zero   RW         1271    .bss                modbus.o
    0x20000404   0x00000100   Zero   RW         1920    .bss                vl53l1_platform.o
    0x20000504   0x00004f54   Zero   RW         2110    .bss                main.o
    0x20005458   0x00000100   Zero   RW         2114    .bss                main.o
    0x20005558   0x00000254   Zero   RW         2491    .bss                freertos.o
    0x200057ac   0x00000040   Zero   RW         2669    .bss                stm32f4xx_hal_timebase_tim.o
    0x200057ec   0x00000020   Zero   RW         2878    .bss                stm32f4xx_hal_flash.o
    0x2000580c   0x000000f0   Zero   RW         6069    .bss                tasks.o
    0x200058fc   0x00003c00   Zero   RW         6699    .bss                heap_4.o
    0x200094fc   0x00000004   PAD
    0x20009500   0x00000600   Zero   RW            1    STACK               startup_stm32f407xx.o


==============================================================================

Image component sizes


      Code (inc. data)   RO Data    RW Data    ZI Data      Debug   Object Name

         0          0          0          0          0     704624   bm280.o
       808         90          0         20         28       3957   bmp280.o
       120          0          0          0          0      22405   cmsis_os.o
       462         32          0          0          0       3377   dht11.o
       140         26          0          0          0       3306   dwt_stm32_delay.o
         0          0          0          0          0      18120   event_groups.o
        20          4          0          0        596       1204   freertos.o
       460         24          0         24      15360       7307   heap_4.o
       476        176          0          0          0       2512   insideflash.o
      4532        178         96         56          0      26147   inv_mpu.o
      2410        134       3062          0         16      21142   inv_mpu_dmp_motion_driver.o
      2288        542          0         16          0      11549   key_value.o
       138          0          0          0          0       3534   list.o
      1418         58          0          0          0      13854   llgpioiic.o
     15456       4612        572        473      20564     111546   main.o
       798         78          0          0        256      14125   modbus.o
      2008         88          0          0          0       9983   motor.o
       702         72          0         12          0      11056   port.o
      1244         14          0          0          0      11929   queue.o
        36          8        392          0       1536        832   startup_stm32f407xx.o
       116         18          0         12          0       3866   stm32f4xx_hal.o
       158         14          0          0          0      33146   stm32f4xx_hal_cortex.o
        36          0          0          0          0       1207   stm32f4xx_hal_dma.o
       516         66          0          0         32       6562   stm32f4xx_hal_flash.o
       356         24          0          0          0       3990   stm32f4xx_hal_flash_ex.o
       452         44          0          0          0       3075   stm32f4xx_hal_gpio.o
       372         16          0          0          0       2931   stm32f4xx_hal_i2c.o
       712         70          0          0          0       3578   stm32f4xx_hal_msp.o
      1336         92          0          0          0       6273   stm32f4xx_hal_rcc.o
      1010         44          0          0          0      10618   stm32f4xx_hal_tim.o
        70          0          0          0          0       2429   stm32f4xx_hal_tim_ex.o
       116         16          0          0         64       1391   stm32f4xx_hal_timebase_tim.o
      1758         14          0          0          0      10442   stm32f4xx_hal_uart.o
        60         24          0          0          0       4551   stm32f4xx_it.o
         0          0          0          0          0        392   stream_buffer.o
        84         18         24          4          0       1147   system_stm32f4xx_1.o
      2334        172          0         60        240      24731   tasks.o
       154         26          0          4          0       3927   transplant.o
      2024         52          0         32          0      23025   vl53l1_api.o
      2808         82          0          0          0      23957   vl53l1_api_core.o
      1228          0          0          0          0      15947   vl53l1_api_preset_modes.o
      1334          0          0          0          0      24405   vl53l1_core.o
        54          0          0          0          0       2885   vl53l1_core_support.o
       304         18          0          0        256      69713   vl53l1_platform.o
      2454          0          0          0          0      15930   vl53l1_register_funcs.o
        54          0          0          0          0       1934   vl53l1_wait.o

    ----------------------------------------------------------------------
     53470       6946       4184        716      38952    1304561   Object Totals
         0          0         32          0          0          0   (incl. Generated)
        54          0          6          3          4          0   (incl. Padding)

    ----------------------------------------------------------------------

      Code (inc. data)   RO Data    RW Data    ZI Data      Debug   Library Member Name

       864         94         80          0          0        280   asin.o
       744        106        152          0          0        352   atan.o
       496         64          0          0          0        192   atan2.o
       184         44          0          0          0        744   dunder.o
        24          0          0          0          0        124   fabs.o
        48          0          0          0          0        124   fpclassify.o
       248          0          0          0          0        152   poly.o
      3152        296        136          0          0        352   pow.o
         0          0          8          0          0          0   qnan.o
       110          0          0          0          0        148   sqrt.o
        56          8          0          0          0         84   __0sscanf.o
        86          0          0          0          0          0   __dczerorl2.o
        28          0          0          0          0         68   _chval.o
       812          4          0          0          0        112   _scanf.o
       332          0          0          0          0         96   _scanf_int.o
        64          0          0          0          0         84   _sgetc.o
         8          4        133          0          0         68   ctype_o.o
         0          0          0          0          0          0   entry.o
         0          0          0          0          0          0   entry10a.o
         0          0          0          0          0          0   entry11a.o
         8          4          0          0          0          0   entry2.o
         4          0          0          0          0          0   entry5.o
         0          0          0          0          0          0   entry7b.o
         0          0          0          0          0          0   entry8b.o
         8          4          0          0          0          0   entry9a.o
        12          6          0          4          0         68   errno.o
        30          0          0          0          0          0   handlers.o
        36          8          0          0          0         68   init.o
        18          0          0          0          0         76   isspace_o.o
         0          0          0          0          0          0   iusefp.o
        98          0          0          0          0         84   ldiv.o
        30          0          0          0          0         68   llshl.o
        36          0          0          0          0         68   llsshr.o
        32          0          0          0          0         68   llushr.o
        26          0          0          0          0         80   memcmp.o
        36          0          0          0          0         68   memcpya.o
        36          0          0          0          0        108   memseta.o
      2308         96          0          0          0        604   printfa.o
        36         10          0          4          0        136   rand.o
        40          8          0          0          0         84   scanf_char.o
        28          0          0          0          0         76   strcmp.o
        18          0          0          0          0         68   strcpy.o
        14          0          0          0          0         68   strlen.o
        68          6          0          4          0         80   strtok.o
        44          0          0          0          0         80   uidiv.o
        98          0          0          0          0         92   uldiv.o
        48          0          0          0          0         68   cdrcmple.o
        56          0          0          0          0         88   d2f.o
       334          0          0          0          0        148   dadd.o
       222          0          0          0          0        100   ddiv.o
       186          0          0          0          0        176   depilogue.o
        48          0          0          0          0         68   dfixul.o
        34          0          0          0          0         76   dflti.o
        26          0          0          0          0         76   dfltui.o
       228          0          0          0          0         96   dmul.o
        46          0          0          0          0         80   dscalb.o
       162          0          0          0          0        100   dsqrt.o
        38          0          0          0          0         68   f2d.o
       110          0          0          0          0        168   fepilogue.o

    ----------------------------------------------------------------------
     11866        762        512         12          0       6336   Library Totals
         8          0          3          0          0          0   (incl. Padding)

    ----------------------------------------------------------------------

      Code (inc. data)   RO Data    RW Data    ZI Data      Debug   Library Name

      5870        604        376          0          0       2468   m_wm.l
      4450        158        133         12          0       2556   mc_w.l
      1538          0          0          0          0       1312   mf_w.l

    ----------------------------------------------------------------------
     11866        762        512         12          0       6336   Library Totals

    ----------------------------------------------------------------------

==============================================================================


      Code (inc. data)   RO Data    RW Data    ZI Data      Debug   

     65336       7708       4696        728      38952    1265049   Grand Totals
     65336       7708       4696         60      38952    1265049   ELF Image Totals (compressed)
     65336       7708       4696         60          0          0   ROM Totals

==============================================================================

    Total RO  Size (Code + RO Data)                70032 (  68.39kB)
    Total RW  Size (RW Data + ZI Data)             39680 (  38.75kB)
    Total ROM Size (Code + RO Data + RW Data)      70092 (  68.45kB)

==============================================================================

